Archive member included to satisfy reference by file (symbol)

c:/program files (x86)/atmel/studio/7.0/toolchain/arm/arm-gnu-toolchain/bin/../lib/gcc/arm-none-eabi/6.3.1/../../../../arm-none-eabi/lib/thumb/v6-m\libm.a(lib_a-w_fmod.o)
                              src/main.o (fmod)
c:/program files (x86)/atmel/studio/7.0/toolchain/arm/arm-gnu-toolchain/bin/../lib/gcc/arm-none-eabi/6.3.1/../../../../arm-none-eabi/lib/thumb/v6-m\libm.a(lib_a-e_fmod.o)
                              c:/program files (x86)/atmel/studio/7.0/toolchain/arm/arm-gnu-toolchain/bin/../lib/gcc/arm-none-eabi/6.3.1/../../../../arm-none-eabi/lib/thumb/v6-m\libm.a(lib_a-w_fmod.o) (__ieee754_fmod)
c:/program files (x86)/atmel/studio/7.0/toolchain/arm/arm-gnu-toolchain/bin/../lib/gcc/arm-none-eabi/6.3.1/../../../../arm-none-eabi/lib/thumb/v6-m\libm.a(lib_a-s_lib_ver.o)
                              c:/program files (x86)/atmel/studio/7.0/toolchain/arm/arm-gnu-toolchain/bin/../lib/gcc/arm-none-eabi/6.3.1/../../../../arm-none-eabi/lib/thumb/v6-m\libm.a(lib_a-w_fmod.o) (__fdlib_version)
c:/program files (x86)/atmel/studio/7.0/toolchain/arm/arm-gnu-toolchain/bin/../lib/gcc/arm-none-eabi/6.3.1/../../../../arm-none-eabi/lib/thumb/v6-m\libm.a(lib_a-s_matherr.o)
                              c:/program files (x86)/atmel/studio/7.0/toolchain/arm/arm-gnu-toolchain/bin/../lib/gcc/arm-none-eabi/6.3.1/../../../../arm-none-eabi/lib/thumb/v6-m\libm.a(lib_a-w_fmod.o) (matherr)
c:/program files (x86)/atmel/studio/7.0/toolchain/arm/arm-gnu-toolchain/bin/../lib/gcc/arm-none-eabi/6.3.1/thumb/v6-m\libgcc.a(_udivsi3.o)
                              src/asf/sam0/drivers/sercom/i2c/i2c_samd20/i2c_master.o (__aeabi_uidiv)
c:/program files (x86)/atmel/studio/7.0/toolchain/arm/arm-gnu-toolchain/bin/../lib/gcc/arm-none-eabi/6.3.1/thumb/v6-m\libgcc.a(_divsi3.o)
                              sail_buffer.o (__aeabi_idivmod)
c:/program files (x86)/atmel/studio/7.0/toolchain/arm/arm-gnu-toolchain/bin/../lib/gcc/arm-none-eabi/6.3.1/thumb/v6-m\libgcc.a(_dvmd_tls.o)
                              c:/program files (x86)/atmel/studio/7.0/toolchain/arm/arm-gnu-toolchain/bin/../lib/gcc/arm-none-eabi/6.3.1/thumb/v6-m\libgcc.a(_udivsi3.o) (__aeabi_idiv0)
c:/program files (x86)/atmel/studio/7.0/toolchain/arm/arm-gnu-toolchain/bin/../lib/gcc/arm-none-eabi/6.3.1/thumb/v6-m\libgcc.a(_arm_cmpdf2.o)
                              c:/program files (x86)/atmel/studio/7.0/toolchain/arm/arm-gnu-toolchain/bin/../lib/gcc/arm-none-eabi/6.3.1/../../../../arm-none-eabi/lib/thumb/v6-m\libm.a(lib_a-w_fmod.o) (__aeabi_dcmpeq)
c:/program files (x86)/atmel/studio/7.0/toolchain/arm/arm-gnu-toolchain/bin/../lib/gcc/arm-none-eabi/6.3.1/thumb/v6-m\libgcc.a(_aeabi_uldivmod.o)
                              sail_eeprom.o (__aeabi_uldivmod)
c:/program files (x86)/atmel/studio/7.0/toolchain/arm/arm-gnu-toolchain/bin/../lib/gcc/arm-none-eabi/6.3.1/thumb/v6-m\libgcc.a(_muldi3.o)
                              sail_eeprom.o (__aeabi_lmul)
c:/program files (x86)/atmel/studio/7.0/toolchain/arm/arm-gnu-toolchain/bin/../lib/gcc/arm-none-eabi/6.3.1/thumb/v6-m\libgcc.a(_fixunsdfsi.o)
                              src/main.o (__aeabi_d2uiz)
c:/program files (x86)/atmel/studio/7.0/toolchain/arm/arm-gnu-toolchain/bin/../lib/gcc/arm-none-eabi/6.3.1/thumb/v6-m\libgcc.a(_udivmoddi4.o)
                              c:/program files (x86)/atmel/studio/7.0/toolchain/arm/arm-gnu-toolchain/bin/../lib/gcc/arm-none-eabi/6.3.1/thumb/v6-m\libgcc.a(_aeabi_uldivmod.o) (__udivmoddi4)
c:/program files (x86)/atmel/studio/7.0/toolchain/arm/arm-gnu-toolchain/bin/../lib/gcc/arm-none-eabi/6.3.1/thumb/v6-m\libgcc.a(adddf3.o)
                              src/main.o (__aeabi_dadd)
c:/program files (x86)/atmel/studio/7.0/toolchain/arm/arm-gnu-toolchain/bin/../lib/gcc/arm-none-eabi/6.3.1/thumb/v6-m\libgcc.a(divdf3.o)
                              src/main.o (__aeabi_ddiv)
c:/program files (x86)/atmel/studio/7.0/toolchain/arm/arm-gnu-toolchain/bin/../lib/gcc/arm-none-eabi/6.3.1/thumb/v6-m\libgcc.a(eqdf2.o)
                              c:/program files (x86)/atmel/studio/7.0/toolchain/arm/arm-gnu-toolchain/bin/../lib/gcc/arm-none-eabi/6.3.1/thumb/v6-m\libgcc.a(_arm_cmpdf2.o) (__eqdf2)
c:/program files (x86)/atmel/studio/7.0/toolchain/arm/arm-gnu-toolchain/bin/../lib/gcc/arm-none-eabi/6.3.1/thumb/v6-m\libgcc.a(gedf2.o)
                              c:/program files (x86)/atmel/studio/7.0/toolchain/arm/arm-gnu-toolchain/bin/../lib/gcc/arm-none-eabi/6.3.1/thumb/v6-m\libgcc.a(_arm_cmpdf2.o) (__gedf2)
c:/program files (x86)/atmel/studio/7.0/toolchain/arm/arm-gnu-toolchain/bin/../lib/gcc/arm-none-eabi/6.3.1/thumb/v6-m\libgcc.a(ledf2.o)
                              c:/program files (x86)/atmel/studio/7.0/toolchain/arm/arm-gnu-toolchain/bin/../lib/gcc/arm-none-eabi/6.3.1/thumb/v6-m\libgcc.a(_arm_cmpdf2.o) (__ledf2)
[...]
Memory Configuration

Name             Origin             Length             Attributes
rom              0x00000000         0x00040000         xr
ram              0x20000000         0x00008000         xrw
*default*        0x00000000         0xffffffff

Linker script and memory map

LOAD c:/program files (x86)/atmel/studio/7.0/toolchain/arm/arm-gnu-toolchain/bin/../lib/gcc/arm-none-eabi/6.3.1/thumb/v6-m/crti.o
LOAD c:/program files (x86)/atmel/studio/7.0/toolchain/arm/arm-gnu-toolchain/bin/../lib/gcc/arm-none-eabi/6.3.1/thumb/v6-m/crtbegin.o
LOAD c:/program files (x86)/atmel/studio/7.0/toolchain/arm/arm-gnu-toolchain/bin/../lib/gcc/arm-none-eabi/6.3.1/../../../../arm-none-eabi/lib/thumb/v6-m/crt0.o
LOAD sail_buffer.o
LOAD sail_debug.o
LOAD sail_eeprom.o
LOAD sail_i2c.o
LOAD sail_uart.o
LOAD src/asf/sam0/drivers/sercom/i2c/i2c_samd20/i2c_master.o
LOAD src/asf/sam0/drivers/sercom/i2c/i2c_samd20/i2c_master_interrupt.o
LOAD src/asf/sam0/drivers/sercom/usart/usart.o
LOAD src/asf/sam0/drivers/sercom/usart/usart_interrupt.o
LOAD src/asf/sam0/drivers/sercom/sercom.o
LOAD src/asf/sam0/drivers/sercom/sercom_interrupt.o
LOAD src/asf/common2/services/delay/sam0/cycle_counter.o
LOAD src/asf/common/utils/interrupt/interrupt_sam_nvic.o
LOAD src/asf/sam0/boards/samd20_xplained_pro/board_init.o
LOAD src/asf/sam0/drivers/port/port.o
LOAD src/asf/sam0/drivers/system/clock/clock_samd20/clock.o
LOAD src/asf/sam0/drivers/system/clock/clock_samd20/gclk.o
LOAD src/asf/sam0/drivers/system/interrupt/system_interrupt.o
LOAD src/asf/sam0/drivers/system/pinmux/pinmux.o
LOAD src/asf/sam0/drivers/system/system.o
LOAD src/asf/sam0/utils/cmsis/samd20/source/gcc/startup_samd20.o
LOAD src/asf/sam0/utils/cmsis/samd20/source/system_samd20.o
LOAD src/asf/sam0/utils/syscalls/gcc/syscalls.o
LOAD src/main.o
START GROUP
LOAD ../src/ASF/thirdparty/CMSIS/Lib/GCC\libarm_cortexM0l_math.a
LOAD c:/program files (x86)/atmel/studio/7.0/toolchain/arm/arm-gnu-toolchain/bin/../lib/gcc/arm-none-eabi/6.3.1/../../../../arm-none-eabi/lib/thumb/v6-m\libm.a
END GROUP
START GROUP
LOAD c:/program files (x86)/atmel/studio/7.0/toolchain/arm/arm-gnu-toolchain/bin/../lib/gcc/arm-none-eabi/6.3.1/thumb/v6-m\libgcc.a
LOAD c:/program files (x86)/atmel/studio/7.0/toolchain/arm/arm-gnu-toolchain/bin/../lib/gcc/arm-none-eabi/6.3.1/../../../../arm-none-eabi/lib/thumb/v6-m\libc_nano.a
END GROUP
START GROUP
LOAD c:/program files (x86)/atmel/studio/7.0/toolchain/arm/arm-gnu-toolchain/bin/../lib/gcc/arm-none-eabi/6.3.1/thumb/v6-m\libgcc.a
LOAD c:/program files (x86)/atmel/studio/7.0/toolchain/arm/arm-gnu-toolchain/bin/../lib/gcc/arm-none-eabi/6.3.1/../../../../arm-none-eabi/lib/thumb/v6-m\libc_nano.a
END GROUP
LOAD c:/program files (x86)/atmel/studio/7.0/toolchain/arm/arm-gnu-toolchain/bin/../lib/gcc/arm-none-eabi/6.3.1/thumb/v6-m/crtend.o
LOAD c:/program files (x86)/atmel/studio/7.0/toolchain/arm/arm-gnu-toolchain/bin/../lib/gcc/arm-none-eabi/6.3.1/thumb/v6-m/crtn.o
                0x00002000                STACK_SIZE = DEFINED (STACK_SIZE)?STACK_SIZE:DEFINED (__stack_size__)?__stack_size__:0x2000

.text           0x00000000     0x5804
                0x00000000                . = ALIGN (0x4)
                0x00000000                _sfixed = .
 *(.vectors .vectors.*)
 .vectors       0x00000000       0xa4 src/asf/sam0/utils/cmsis/samd20/source/gcc/startup_samd20.o
                0x00000000                exception_table
 *(.text .text.* .gnu.linkonce.t.*)
 .text          0x000000a4       0x60 c:/program files (x86)/atmel/studio/7.0/toolchain/arm/arm-gnu-toolchain/bin/../lib/gcc/arm-none-eabi/6.3.1/thumb/v6-m/crtbegin.o
 .text.BUFF_Init
                0x00000104       0x30 sail_buffer.o
                0x00000104                BUFF_Init
 .text.BUFF_ReadByte
                0x00000134       0x48 sail_buffer.o
                0x00000134                BUFF_ReadByte
 .text.BUFF_WriteByte
                0x0000017c       0x3c sail_buffer.o
                0x0000017c                BUFF_WriteByte
 .text.BUFF_WriteBuffer
                0x000001b8       0x90 sail_buffer.o
                0x000001b8                BUFF_WriteBuffer
 .text.BUFF_GetLength
                0x00000248       0x18 sail_buffer.o
                0x00000248                BUFF_GetLength
 .text.DEBUG_Init
                0x00000260       0x2c sail_debug.o
                0x00000260                DEBUG_Init
 .text.DEBUG_Write
                0x0000028c       0x48 sail_debug.o
                0x0000028c                DEBUG_Write
 .text.WriteWordToAddr
                0x000002d4       0x34 sail_eeprom.o
 .text.ReadWordFromAddr
                0x00000308       0x50 sail_eeprom.o
 .text.ReadBufferFromAddr
                0x00000358       0x54 sail_eeprom.o
 .text.EEPROM_Init
                0x000003ac       0x30 sail_eeprom.o
                0x000003ac                EEPROM_Init
 .text.EEPROM_GetCurrentWayPoint
                0x000003dc       0xc0 sail_eeprom.o
                0x000003dc                EEPROM_GetCurrentWayPoint
 .text.EEPROM_CompleteCurrentWayPoint
                0x0000049c       0xe8 sail_eeprom.o
                0x0000049c                EEPROM_CompleteCurrentWayPoint
 .text.EEPROM_StartMissionConfig
                0x00000584       0x24 sail_eeprom.o
                0x00000584                EEPROM_StartMissionConfig
 .text.EEPROM_LoadWayPoint
                0x000005a8       0xc8 sail_eeprom.o
                0x000005a8                EEPROM_LoadWayPoint
 .text.EEPROM_EndMissionConfig
                0x00000670       0x74 sail_eeprom.o
                0x00000670                EEPROM_EndMissionConfig
 .text.I2C_Init
                0x000006e4       0xb8 sail_i2c.o
                0x000006e4                I2C_Init
 .text.I2C_ReadBuffer
                0x0000079c       0x7c sail_i2c.o
                0x0000079c                I2C_ReadBuffer
 .text.I2C_WriteBuffer
                0x00000818       0x68 sail_i2c.o
                0x00000818                I2C_WriteBuffer
 .text.UART_TxCallback
                0x00000880       0x70 sail_uart.o
 .text.XEOS_TxCallback
                0x000008f0       0x10 sail_uart.o
 .text.RADIO_TxCallback
                0x00000900       0x10 sail_uart.o
 .text.WIND_TxCallback
                0x00000910       0x10 sail_uart.o
 .text.GPS_TxCallback
                0x00000920       0x10 sail_uart.o
 .text.UART_RxCallback
                0x00000930       0x50 sail_uart.o
 .text.XEOS_RxCallback
                0x00000980       0x10 sail_uart.o
 .text.RADIO_RxCallback
                0x00000990       0x10 sail_uart.o
 .text.WIND_RxCallback
                0x000009a0       0x10 sail_uart.o
 .text.GPS_RxCallback
                0x000009b0       0x10 sail_uart.o
 .text.UART_Init
                0x000009c0      0x188 sail_uart.o
                0x000009c0                UART_Init
 .text.UART_TxString
                0x00000b48       0x5c sail_uart.o
                0x00000b48                UART_TxString
 .text._i2c_master_wait_for_sync
                0x00000ba4        0xc src/asf/sam0/drivers/sercom/i2c/i2c_samd20/i2c_master.o
 .text._i2c_master_address_response
                0x00000bb0       0x30 src/asf/sam0/drivers/sercom/i2c/i2c_samd20/i2c_master.o
 .text._i2c_master_wait_for_bus
                0x00000be0       0x2c src/asf/sam0/drivers/sercom/i2c/i2c_samd20/i2c_master.o
 .text._i2c_master_read_packet
                0x00000c0c      0x100 src/asf/sam0/drivers/sercom/i2c/i2c_samd20/i2c_master.o
 .text._i2c_master_write_packet
                0x00000d0c       0xb4 src/asf/sam0/drivers/sercom/i2c/i2c_samd20/i2c_master.o
 .text.i2c_master_init
                0x00000dc0      0x194 src/asf/sam0/drivers/sercom/i2c/i2c_samd20/i2c_master.o
                0x00000dc0                i2c_master_init
 .text.i2c_master_read_packet_wait
                0x00000f54       0x24 src/asf/sam0/drivers/sercom/i2c/i2c_samd20/i2c_master.o
                0x00000f54                i2c_master_read_packet_wait
 .text.i2c_master_read_packet_wait_no_stop
                0x00000f78       0x24 src/asf/sam0/drivers/sercom/i2c/i2c_samd20/i2c_master.o
                0x00000f78                i2c_master_read_packet_wait_no_stop
 .text.i2c_master_read_packet_wait_no_nack
                0x00000f9c       0x20 src/asf/sam0/drivers/sercom/i2c/i2c_samd20/i2c_master.o
                0x00000f9c                i2c_master_read_packet_wait_no_nack
 .text.i2c_master_write_packet_wait
                0x00000fbc       0x24 src/asf/sam0/drivers/sercom/i2c/i2c_samd20/i2c_master.o
                0x00000fbc                i2c_master_write_packet_wait
 .text.i2c_master_write_packet_wait_no_stop
                0x00000fe0       0x24 src/asf/sam0/drivers/sercom/i2c/i2c_samd20/i2c_master.o
                0x00000fe0                i2c_master_write_packet_wait_no_stop
 .text._i2c_master_wait_for_sync
                0x00001004        0xc src/asf/sam0/drivers/sercom/i2c/i2c_samd20/i2c_master_interrupt.o
 .text._i2c_master_read
                0x00001010       0x7c src/asf/sam0/drivers/sercom/i2c/i2c_samd20/i2c_master_interrupt.o
 .text._i2c_master_write
                0x0000108c       0x38 src/asf/sam0/drivers/sercom/i2c/i2c_samd20/i2c_master_interrupt.o
 .text._i2c_master_interrupt_handler
                0x000010c4      0x1d0 src/asf/sam0/drivers/sercom/i2c/i2c_samd20/i2c_master_interrupt.o
                0x000010c4                _i2c_master_interrupt_handler
 .text.usart_init
                0x00001294      0x250 src/asf/sam0/drivers/sercom/usart/usart.o
                0x00001294                usart_init
 .text._usart_write_buffer
                0x000014e4       0x3c src/asf/sam0/drivers/sercom/usart/usart_interrupt.o
                0x000014e4                _usart_write_buffer
 .text._usart_read_buffer
                0x00001520       0x3c src/asf/sam0/drivers/sercom/usart/usart_interrupt.o
                0x00001520                _usart_read_buffer
 .text.usart_register_callback
                0x0000155c       0x16 src/asf/sam0/drivers/sercom/usart/usart_interrupt.o
                0x0000155c                usart_register_callback
 *fill*         0x00001572        0x2 
 .text.usart_write_job
                0x00001574       0x1c src/asf/sam0/drivers/sercom/usart/usart_interrupt.o
                0x00001574                usart_write_job
 .text.usart_read_job
                0x00001590       0x10 src/asf/sam0/drivers/sercom/usart/usart_interrupt.o
                0x00001590                usart_read_job
 .text._usart_interrupt_handler
                0x000015a0      0x124 src/asf/sam0/drivers/sercom/usart/usart_interrupt.o
                0x000015a0                _usart_interrupt_handler
 .text._sercom_get_sync_baud_val
                0x000016c4       0x28 src/asf/sam0/drivers/sercom/sercom.o
                0x000016c4                _sercom_get_sync_baud_val
 .text._sercom_get_async_baud_val
                0x000016ec      0x1d0 src/asf/sam0/drivers/sercom/sercom.o
                0x000016ec                _sercom_get_async_baud_val
 .text.sercom_set_gclk_generator
                0x000018bc       0x4c src/asf/sam0/drivers/sercom/sercom.o
                0x000018bc                sercom_set_gclk_generator
 .text._sercom_get_default_pad
                0x00001908      0x178 src/asf/sam0/drivers/sercom/sercom.o
                0x00001908                _sercom_get_default_pad
 .text._sercom_get_sercom_inst_index
                0x00001a80       0x38 src/asf/sam0/drivers/sercom/sercom.o
                0x00001a80                _sercom_get_sercom_inst_index
 .text._sercom_default_handler
                0x00001ab8        0x2 src/asf/sam0/drivers/sercom/sercom_interrupt.o
 *fill*         0x00001aba        0x2 
 .text._sercom_set_handler
                0x00001abc       0x3c src/asf/sam0/drivers/sercom/sercom_interrupt.o
                0x00001abc                _sercom_set_handler
 .text._sercom_get_interrupt_vector
                0x00001af8       0x30 src/asf/sam0/drivers/sercom/sercom_interrupt.o
                0x00001af8                _sercom_get_interrupt_vector
 .text.SERCOM0_Handler
                0x00001b28       0x10 src/asf/sam0/drivers/sercom/sercom_interrupt.o
                0x00001b28                SERCOM0_Handler
 .text.SERCOM1_Handler
                0x00001b38       0x10 src/asf/sam0/drivers/sercom/sercom_interrupt.o
                0x00001b38                SERCOM1_Handler
 .text.SERCOM2_Handler
                0x00001b48       0x10 src/asf/sam0/drivers/sercom/sercom_interrupt.o
                0x00001b48                SERCOM2_Handler
 .text.SERCOM3_Handler
                0x00001b58       0x10 src/asf/sam0/drivers/sercom/sercom_interrupt.o
                0x00001b58                SERCOM3_Handler
 .text.SERCOM4_Handler
                0x00001b68       0x10 src/asf/sam0/drivers/sercom/sercom_interrupt.o
                0x00001b68                SERCOM4_Handler
 .text.SERCOM5_Handler
                0x00001b78       0x10 src/asf/sam0/drivers/sercom/sercom_interrupt.o
                0x00001b78                SERCOM5_Handler
 .text.cpu_irq_enter_critical
                0x00001b88       0x40 src/asf/common/utils/interrupt/interrupt_sam_nvic.o
                0x00001b88                cpu_irq_enter_critical
 .text.cpu_irq_leave_critical
                0x00001bc8       0x30 src/asf/common/utils/interrupt/interrupt_sam_nvic.o
                0x00001bc8                cpu_irq_leave_critical
 .text.system_board_init
                0x00001bf8       0x38 src/asf/sam0/boards/samd20_xplained_pro/board_init.o
                0x00001bf8                board_init
                0x00001bf8                system_board_init
 .text.port_pin_set_config
                0x00001c30       0x24 src/asf/sam0/drivers/port/port.o
                0x00001c30                port_pin_set_config
 .text.system_clock_source_get_hz
                0x00001c54       0x7c src/asf/sam0/drivers/system/clock/clock_samd20/clock.o
                0x00001c54                system_clock_source_get_hz
 .text.system_clock_source_osc8m_set_config
                0x00001cd0       0x3c src/asf/sam0/drivers/system/clock/clock_samd20/clock.o
                0x00001cd0                system_clock_source_osc8m_set_config
 .text.system_clock_source_enable
                0x00001d0c       0x90 src/asf/sam0/drivers/system/clock/clock_samd20/clock.o
                0x00001d0c                system_clock_source_enable
 .text.system_clock_init
                0x00001d9c       0x98 src/asf/sam0/drivers/system/clock/clock_samd20/clock.o
                0x00001d9c                system_clock_init
 .text.system_gclk_init
                0x00001e34       0x24 src/asf/sam0/drivers/system/clock/clock_samd20/gclk.o
                0x00001e34                system_gclk_init
 .text.system_gclk_gen_set_config
                0x00001e58       0xb8 src/asf/sam0/drivers/system/clock/clock_samd20/gclk.o
                0x00001e58                system_gclk_gen_set_config
 .text.system_gclk_gen_enable
                0x00001f10       0x44 src/asf/sam0/drivers/system/clock/clock_samd20/gclk.o
                0x00001f10                system_gclk_gen_enable
 .text.system_gclk_gen_get_hz
                0x00001f54       0x8c src/asf/sam0/drivers/system/clock/clock_samd20/gclk.o
                0x00001f54                system_gclk_gen_get_hz
 .text.system_gclk_chan_enable
                0x00001fe0       0x30 src/asf/sam0/drivers/system/clock/clock_samd20/gclk.o
                0x00001fe0                system_gclk_chan_enable
 .text.system_gclk_chan_disable
                0x00002010       0x5c src/asf/sam0/drivers/system/clock/clock_samd20/gclk.o
                0x00002010                system_gclk_chan_disable
 .text.system_gclk_chan_set_config
                0x0000206c       0x1c src/asf/sam0/drivers/system/clock/clock_samd20/gclk.o
                0x0000206c                system_gclk_chan_set_config
 .text.system_gclk_chan_get_hz
                0x00002088       0x34 src/asf/sam0/drivers/system/clock/clock_samd20/gclk.o
                0x00002088                system_gclk_chan_get_hz
 .text._system_pinmux_config
                0x000020bc       0xa8 src/asf/sam0/drivers/system/pinmux/pinmux.o
 .text.system_pinmux_pin_set_config
                0x00002164       0x30 src/asf/sam0/drivers/system/pinmux/pinmux.o
                0x00002164                system_pinmux_pin_set_config
 .text._system_dummy_init
                0x00002194        0x2 src/asf/sam0/drivers/system/system.o
                0x00002194                _system_extint_init
                0x00002194                _system_events_init
                0x00002194                _system_dummy_init
                0x00002194                _system_divas_init
 *fill*         0x00002196        0x2 
 .text.system_init
                0x00002198       0x2c src/asf/sam0/drivers/system/system.o
                0x00002198                system_init
 .text.Dummy_Handler
                0x000021c4        0x2 src/asf/sam0/utils/cmsis/samd20/source/gcc/startup_samd20.o
                0x000021c4                HardFault_Handler
                0x000021c4                TC2_Handler
                0x000021c4                AC_Handler
                0x000021c4                SysTick_Handler
                0x000021c4                PendSV_Handler
                0x000021c4                NMI_Handler
                0x000021c4                TC7_Handler
                0x000021c4                ADC_Handler
                0x000021c4                RTC_Handler
                0x000021c4                EIC_Handler
                0x000021c4                TC6_Handler
                0x000021c4                WDT_Handler
                0x000021c4                TC4_Handler
                0x000021c4                TC1_Handler
                0x000021c4                TC3_Handler
                0x000021c4                Dummy_Handler
                0x000021c4                PM_Handler
                0x000021c4                SVC_Handler
                0x000021c4                EVSYS_Handler
                0x000021c4                NVMCTRL_Handler
                0x000021c4                DAC_Handler
                0x000021c4                PTC_Handler
                0x000021c4                TC0_Handler
                0x000021c4                TC5_Handler
                0x000021c4                SYSCTRL_Handler
 *fill*         0x000021c6        0x2 
 .text.Reset_Handler
                0x000021c8       0x98 src/asf/sam0/utils/cmsis/samd20/source/gcc/startup_samd20.o
                0x000021c8                Reset_Handler
 .text._sbrk    0x00002260       0x24 src/asf/sam0/utils/syscalls/gcc/syscalls.o
                0x00002260                _sbrk
 .text.main     0x00002284      0x3dc src/main.o
                0x00002284                main
 .text.fmod     0x00002660       0xd8 c:/program files (x86)/atmel/studio/7.0/toolchain/arm/arm-gnu-toolchain/bin/../lib/gcc/arm-none-eabi/6.3.1/../../../../arm-none-eabi/lib/thumb/v6-m\libm.a(lib_a-w_fmod.o)
                0x00002660                fmod
 .text.__ieee754_fmod
                0x00002738      0x294 c:/program files (x86)/atmel/studio/7.0/toolchain/arm/arm-gnu-toolchain/bin/../lib/gcc/arm-none-eabi/6.3.1/../../../../arm-none-eabi/lib/thumb/v6-m\libm.a(lib_a-e_fmod.o)
                0x00002738                __ieee754_fmod
 .text.matherr  0x000029cc        0x4 c:/program files (x86)/atmel/studio/7.0/toolchain/arm/arm-gnu-toolchain/bin/../lib/gcc/arm-none-eabi/6.3.1/../../../../arm-none-eabi/lib/thumb/v6-m\libm.a(lib_a-s_matherr.o)
                0x000029cc                matherr
 .text          0x000029d0      0x114 c:/program files (x86)/atmel/studio/7.0/toolchain/arm/arm-gnu-toolchain/bin/../lib/gcc/arm-none-eabi/6.3.1/thumb/v6-m\libgcc.a(_udivsi3.o)
                0x000029d0                __aeabi_uidiv
                0x000029d0                __udivsi3
                0x00002adc                __aeabi_uidivmod
 .text          0x00002ae4      0x1d4 c:/program files (x86)/atmel/studio/7.0/toolchain/arm/arm-gnu-toolchain/bin/../lib/gcc/arm-none-eabi/6.3.1/thumb/v6-m\libgcc.a(_divsi3.o)
                0x00002ae4                __divsi3
                0x00002ae4                __aeabi_idiv
                0x00002cb0                __aeabi_idivmod
 .text          0x00002cb8        0x4 c:/program files (x86)/atmel/studio/7.0/toolchain/arm/arm-gnu-toolchain/bin/../lib/gcc/arm-none-eabi/6.3.1/thumb/v6-m\libgcc.a(_dvmd_tls.o)
                0x00002cb8                __aeabi_idiv0
                0x00002cb8                __aeabi_ldiv0
 .text          0x00002cbc       0x7c c:/program files (x86)/atmel/studio/7.0/toolchain/arm/arm-gnu-toolchain/bin/../lib/gcc/arm-none-eabi/6.3.1/thumb/v6-m\libgcc.a(_arm_cmpdf2.o)
                0x00002cbc                __aeabi_cdrcmple
                0x00002ccc                __aeabi_cdcmple
                0x00002ccc                __aeabi_cdcmpeq
                0x00002cdc                __aeabi_dcmpeq
                0x00002ce8                __aeabi_dcmplt
                0x00002cfc                __aeabi_dcmple
                0x00002d10                __aeabi_dcmpgt
                0x00002d24                __aeabi_dcmpge
 .text          0x00002d38       0x40 c:/program files (x86)/atmel/studio/7.0/toolchain/arm/arm-gnu-toolchain/bin/../lib/gcc/arm-none-eabi/6.3.1/thumb/v6-m\libgcc.a(_aeabi_uldivmod.o)
                0x00002d38                __aeabi_uldivmod
 .text          0x00002d78       0x54 c:/program files (x86)/atmel/studio/7.0/toolchain/arm/arm-gnu-toolchain/bin/../lib/gcc/arm-none-eabi/6.3.1/thumb/v6-m\libgcc.a(_muldi3.o)
                0x00002d78                __muldi3
                0x00002d78                __aeabi_lmul
 .text          0x00002dcc       0x3c c:/program files (x86)/atmel/studio/7.0/toolchain/arm/arm-gnu-toolchain/bin/../lib/gcc/arm-none-eabi/6.3.1/thumb/v6-m\libgcc.a(_fixunsdfsi.o)
                0x00002dcc                __aeabi_d2uiz
                0x00002dcc                __fixunsdfsi
 .text          0x00002e08      0x180 c:/program files (x86)/atmel/studio/7.0/toolchain/arm/arm-gnu-toolchain/bin/../lib/gcc/arm-none-eabi/6.3.1/thumb/v6-m\libgcc.a(_udivmoddi4.o)
                0x00002e08                __udivmoddi4
 .text          0x00002f88      0x620 c:/program files (x86)/atmel/studio/7.0/toolchain/arm/arm-gnu-toolchain/bin/../lib/gcc/arm-none-eabi/6.3.1/thumb/v6-m\libgcc.a(adddf3.o)
                0x00002f88                __aeabi_dadd
 .text          0x000035a8      0x668 c:/program files (x86)/atmel/studio/7.0/toolchain/arm/arm-gnu-toolchain/bin/../lib/gcc/arm-none-eabi/6.3.1/thumb/v6-m\libgcc.a(divdf3.o)
                0x000035a8                __aeabi_ddiv
 .text          0x00003c10       0x74 c:/program files (x86)/atmel/studio/7.0/toolchain/arm/arm-gnu-toolchain/bin/../lib/gcc/arm-none-eabi/6.3.1/thumb/v6-m\libgcc.a(eqdf2.o)
                0x00003c10                __nedf2
                0x00003c10                __eqdf2
 .text          0x00003c84       0xc8 c:/program files (x86)/atmel/studio/7.0/toolchain/arm/arm-gnu-toolchain/bin/../lib/gcc/arm-none-eabi/6.3.1/thumb/v6-m\libgcc.a(gedf2.o)
                0x00003c84                __gedf2
                0x00003c84                __gtdf2
 .text          0x00003d4c       0xc4 c:/program files (x86)/atmel/studio/7.0/toolchain/arm/arm-gnu-toolchain/bin/../lib/gcc/arm-none-eabi/6.3.1/thumb/v6-m\libgcc.a(ledf2.o)
                0x00003d4c                __ledf2
                0x00003d4c                __ltdf2
 .text          0x00003e10      0x500 c:/program files (x86)/atmel/studio/7.0/toolchain/arm/arm-gnu-toolchain/bin/../lib/gcc/arm-none-eabi/6.3.1/thumb/v6-m\libgcc.a(muldf3.o)
                0x00003e10                __aeabi_dmul
 .text          0x00004310      0x62c c:/program files (x86)/atmel/studio/7.0/toolchain/arm/arm-gnu-toolchain/bin/../lib/gcc/arm-none-eabi/6.3.1/thumb/v6-m\libgcc.a(subdf3.o)
                0x00004310                __aeabi_dsub
 .text          0x0000493c       0x40 c:/program files (x86)/atmel/studio/7.0/toolchain/arm/arm-gnu-toolchain/bin/../lib/gcc/arm-none-eabi/6.3.1/thumb/v6-m\libgcc.a(unorddf2.o)
                0x0000493c                __aeabi_dcmpun
 .text          0x0000497c       0x68 c:/program files (x86)/atmel/studio/7.0/toolchain/arm/arm-gnu-toolchain/bin/../lib/gcc/arm-none-eabi/6.3.1/thumb/v6-m\libgcc.a(fixdfsi.o)
                0x0000497c                __aeabi_d2iz
 .text          0x000049e4       0x84 c:/program files (x86)/atmel/studio/7.0/toolchain/arm/arm-gnu-toolchain/bin/../lib/gcc/arm-none-eabi/6.3.1/thumb/v6-m\libgcc.a(floatsidf.o)
                0x000049e4                __aeabi_i2d
 .text          0x00004a68       0x3c c:/program files (x86)/atmel/studio/7.0/toolchain/arm/arm-gnu-toolchain/bin/../lib/gcc/arm-none-eabi/6.3.1/thumb/v6-m\libgcc.a(_clzsi2.o)
                0x00004a68                __clzsi2
 .text          0x00004aa4       0x18 c:/program files (x86)/atmel/studio/7.0/toolchain/arm/arm-gnu-toolchain/bin/../lib/gcc/arm-none-eabi/6.3.1/thumb/v6-m\libgcc.a(_clzdi2.o)
                0x00004aa4                __clzdi2
 .text.__errno  0x00004abc        0xc c:/program files (x86)/atmel/studio/7.0/toolchain/arm/arm-gnu-toolchain/bin/../lib/gcc/arm-none-eabi/6.3.1/../../../../arm-none-eabi/lib/thumb/v6-m\libc_nano.a(lib_a-errno.o)
                0x00004abc                __errno
 .text.__libc_init_array
                0x00004ac8       0x48 c:/program files (x86)/atmel/studio/7.0/toolchain/arm/arm-gnu-toolchain/bin/../lib/gcc/arm-none-eabi/6.3.1/../../../../arm-none-eabi/lib/thumb/v6-m\libc_nano.a(lib_a-init.o)
                0x00004ac8                __libc_init_array
 .text.memcpy   0x00004b10       0x12 c:/program files (x86)/atmel/studio/7.0/toolchain/arm/arm-gnu-toolchain/bin/../lib/gcc/arm-none-eabi/6.3.1/../../../../arm-none-eabi/lib/thumb/v6-m\libc_nano.a(lib_a-memcpy-stub.o)
                0x00004b10                memcpy
 .text.memset   0x00004b22       0x10 c:/program files (x86)/atmel/studio/7.0/toolchain/arm/arm-gnu-toolchain/bin/../lib/gcc/arm-none-eabi/6.3.1/../../../../arm-none-eabi/lib/thumb/v6-m\libc_nano.a(lib_a-memset.o)
                0x00004b22                memset
 *fill*         0x00004b32        0x2 
 .text.srand    0x00004b34       0x5c c:/program files (x86)/atmel/studio/7.0/toolchain/arm/arm-gnu-toolchain/bin/../lib/gcc/arm-none-eabi/6.3.1/../../../../arm-none-eabi/lib/thumb/v6-m\libc_nano.a(lib_a-rand.o)
                0x00004b34                srand
 .text.rand     0x00004b90       0x78 c:/program files (x86)/atmel/studio/7.0/toolchain/arm/arm-gnu-toolchain/bin/../lib/gcc/arm-none-eabi/6.3.1/../../../../arm-none-eabi/lib/thumb/v6-m\libc_nano.a(lib_a-rand.o)
                0x00004b90                rand
 .text          0x00004c08        0xe c:/program files (x86)/atmel/studio/7.0/toolchain/arm/arm-gnu-toolchain/bin/../lib/gcc/arm-none-eabi/6.3.1/../../../../arm-none-eabi/lib/thumb/v6-m\libc_nano.a(lib_a-strlen.o)
                0x00004c08                strlen
 .text._vsnprintf_r
                0x00004c16       0x56 c:/program files (x86)/atmel/studio/7.0/toolchain/arm/arm-gnu-toolchain/bin/../lib/gcc/arm-none-eabi/6.3.1/../../../../arm-none-eabi/lib/thumb/v6-m\libc_nano.a(lib_a-vsnprintf.o)
                0x00004c16                _vsniprintf_r
                0x00004c16                _vsnprintf_r
 .text.vsnprintf
                0x00004c6c       0x18 c:/program files (x86)/atmel/studio/7.0/toolchain/arm/arm-gnu-toolchain/bin/../lib/gcc/arm-none-eabi/6.3.1/../../../../arm-none-eabi/lib/thumb/v6-m\libc_nano.a(lib_a-vsnprintf.o)
                0x00004c6c                vsniprintf
                0x00004c6c                vsnprintf
 .text.malloc   0x00004c84       0x14 c:/program files (x86)/atmel/studio/7.0/toolchain/arm/arm-gnu-toolchain/bin/../lib/gcc/arm-none-eabi/6.3.1/../../../../arm-none-eabi/lib/thumb/v6-m\libc_nano.a(lib_a-malloc.o)
                0x00004c84                malloc
 .text._free_r  0x00004c98       0x94 c:/program files (x86)/atmel/studio/7.0/toolchain/arm/arm-gnu-toolchain/bin/../lib/gcc/arm-none-eabi/6.3.1/../../../../arm-none-eabi/lib/thumb/v6-m\libc_nano.a(lib_a-nano-freer.o)
                0x00004c98                _free_r
 .text._malloc_r
                0x00004d2c       0xbc c:/program files (x86)/atmel/studio/7.0/toolchain/arm/arm-gnu-toolchain/bin/../lib/gcc/arm-none-eabi/6.3.1/../../../../arm-none-eabi/lib/thumb/v6-m\libc_nano.a(lib_a-nano-mallocr.o)
                0x00004d2c                _malloc_r
 .text.__ssputs_r
                0x00004de8       0xc4 c:/program files (x86)/atmel/studio/7.0/toolchain/arm/arm-gnu-toolchain/bin/../lib/gcc/arm-none-eabi/6.3.1/../../../../arm-none-eabi/lib/thumb/v6-m\libc_nano.a(lib_a-nano-svfprintf.o)
                0x00004de8                __ssputs_r
 .text._svfprintf_r
                0x00004eac      0x208 c:/program files (x86)/atmel/studio/7.0/toolchain/arm/arm-gnu-toolchain/bin/../lib/gcc/arm-none-eabi/6.3.1/../../../../arm-none-eabi/lib/thumb/v6-m\libc_nano.a(lib_a-nano-svfprintf.o)
                0x00004eac                _svfiprintf_r
                0x00004eac                _svfprintf_r
 .text._printf_common
                0x000050b4       0xda c:/program files (x86)/atmel/studio/7.0/toolchain/arm/arm-gnu-toolchain/bin/../lib/gcc/arm-none-eabi/6.3.1/../../../../arm-none-eabi/lib/thumb/v6-m\libc_nano.a(lib_a-nano-vfprintf_i.o)
                0x000050b4                _printf_common
 *fill*         0x0000518e        0x2 
 .text._printf_i
                0x00005190      0x234 c:/program files (x86)/atmel/studio/7.0/toolchain/arm/arm-gnu-toolchain/bin/../lib/gcc/arm-none-eabi/6.3.1/../../../../arm-none-eabi/lib/thumb/v6-m\libc_nano.a(lib_a-nano-vfprintf_i.o)
                0x00005190                _printf_i
 .text._sbrk_r  0x000053c4       0x24 c:/program files (x86)/atmel/studio/7.0/toolchain/arm/arm-gnu-toolchain/bin/../lib/gcc/arm-none-eabi/6.3.1/../../../../arm-none-eabi/lib/thumb/v6-m\libc_nano.a(lib_a-sbrkr.o)
                0x000053c4                _sbrk_r
 .text.memchr   0x000053e8       0x16 c:/program files (x86)/atmel/studio/7.0/toolchain/arm/arm-gnu-toolchain/bin/../lib/gcc/arm-none-eabi/6.3.1/../../../../arm-none-eabi/lib/thumb/v6-m\libc_nano.a(lib_a-memchr-stub.o)
                0x000053e8                memchr
 .text.memmove  0x000053fe       0x24 c:/program files (x86)/atmel/studio/7.0/toolchain/arm/arm-gnu-toolchain/bin/../lib/gcc/arm-none-eabi/6.3.1/../../../../arm-none-eabi/lib/thumb/v6-m\libc_nano.a(lib_a-memmove.o)
                0x000053fe                memmove
 .text.__malloc_lock
                0x00005422        0x2 c:/program files (x86)/atmel/studio/7.0/toolchain/arm/arm-gnu-toolchain/bin/../lib/gcc/arm-none-eabi/6.3.1/../../../../arm-none-eabi/lib/thumb/v6-m\libc_nano.a(lib_a-mlock.o)
                0x00005422                __malloc_lock
 .text.__malloc_unlock
                0x00005424        0x2 c:/program files (x86)/atmel/studio/7.0/toolchain/arm/arm-gnu-toolchain/bin/../lib/gcc/arm-none-eabi/6.3.1/../../../../arm-none-eabi/lib/thumb/v6-m\libc_nano.a(lib_a-mlock.o)
                0x00005424                __malloc_unlock
 .text._realloc_r
                0x00005426       0x4c c:/program files (x86)/atmel/studio/7.0/toolchain/arm/arm-gnu-toolchain/bin/../lib/gcc/arm-none-eabi/6.3.1/../../../../arm-none-eabi/lib/thumb/v6-m\libc_nano.a(lib_a-nano-reallocr.o)
                0x00005426                _realloc_r
 .text._malloc_usable_size_r
                0x00005472       0x10 c:/program files (x86)/atmel/studio/7.0/toolchain/arm/arm-gnu-toolchain/bin/../lib/gcc/arm-none-eabi/6.3.1/../../../../arm-none-eabi/lib/thumb/v6-m\libc_nano.a(lib_a-nano-msizer.o)
                0x00005472                _malloc_usable_size_r
 *(.glue_7t)
 .glue_7t       0x00005482        0x0 linker stubs
 *(.glue_7)
 .glue_7        0x00005482        0x0 linker stubs
 *(.rodata .rodata* .gnu.linkonce.r.*)
 *fill*         0x00005482        0x2 
 .rodata.slave_addrs
                0x00005484        0x2 sail_i2c.o
 *fill*         0x00005486        0x2 
 .rodata.RxCallbacks
                0x00005488       0x10 sail_uart.o
 .rodata.TxCallbacks
                0x00005498       0x10 sail_uart.o
 .rodata.baud_rates
                0x000054a8       0x10 sail_uart.o
 .rodata.mux_settings
                0x000054b8       0x10 sail_uart.o
 .rodata.pinmux_pads
                0x000054c8       0x40 sail_uart.o
 .rodata.sercom_ptrs
                0x00005508       0x10 sail_uart.o
 .rodata        0x00005518       0x18 src/asf/sam0/drivers/sercom/sercom.o
 .rodata.system_clock_source_get_hz
                0x00005530       0x20 src/asf/sam0/drivers/system/clock/clock_samd20/clock.o
 .rodata.system_clock_source_enable
                0x00005550       0x20 src/asf/sam0/drivers/system/clock/clock_samd20/clock.o
 .rodata.main.str1.4
                0x00005570      0x145 src/main.o
 *fill*         0x000056b5        0x3 
 .rodata.fmod.str1.4
                0x000056b8        0x8 c:/program files (x86)/atmel/studio/7.0/toolchain/arm/arm-gnu-toolchain/bin/../lib/gcc/arm-none-eabi/6.3.1/../../../../arm-none-eabi/lib/thumb/v6-m\libm.a(lib_a-w_fmod.o)
                                  0x5 (size before relaxing)
 .rodata.Zero   0x000056c0       0x10 c:/program files (x86)/atmel/studio/7.0/toolchain/arm/arm-gnu-toolchain/bin/../lib/gcc/arm-none-eabi/6.3.1/../../../../arm-none-eabi/lib/thumb/v6-m\libm.a(lib_a-e_fmod.o)
 .rodata        0x000056d0       0x40 c:/program files (x86)/atmel/studio/7.0/toolchain/arm/arm-gnu-toolchain/bin/../lib/gcc/arm-none-eabi/6.3.1/thumb/v6-m\libgcc.a(divdf3.o)
 .rodata        0x00005710       0x40 c:/program files (x86)/atmel/studio/7.0/toolchain/arm/arm-gnu-toolchain/bin/../lib/gcc/arm-none-eabi/6.3.1/thumb/v6-m\libgcc.a(muldf3.o)
 .rodata.__sf_fake_stderr
                0x00005750       0x20 c:/program files (x86)/atmel/studio/7.0/toolchain/arm/arm-gnu-toolchain/bin/../lib/gcc/arm-none-eabi/6.3.1/../../../../arm-none-eabi/lib/thumb/v6-m\libc_nano.a(lib_a-findfp.o)
                0x00005750                __sf_fake_stderr
 .rodata.__sf_fake_stdin
                0x00005770       0x20 c:/program files (x86)/atmel/studio/7.0/toolchain/arm/arm-gnu-toolchain/bin/../lib/gcc/arm-none-eabi/6.3.1/../../../../arm-none-eabi/lib/thumb/v6-m\libc_nano.a(lib_a-findfp.o)
                0x00005770                __sf_fake_stdin
 .rodata.__sf_fake_stdout
                0x00005790       0x20 c:/program files (x86)/atmel/studio/7.0/toolchain/arm/arm-gnu-toolchain/bin/../lib/gcc/arm-none-eabi/6.3.1/../../../../arm-none-eabi/lib/thumb/v6-m\libc_nano.a(lib_a-findfp.o)
                0x00005790                __sf_fake_stdout
 .rodata._svfprintf_r.str1.1
                0x000057b0       0x11 c:/program files (x86)/atmel/studio/7.0/toolchain/arm/arm-gnu-toolchain/bin/../lib/gcc/arm-none-eabi/6.3.1/../../../../arm-none-eabi/lib/thumb/v6-m\libc_nano.a(lib_a-nano-svfprintf.o)
 .rodata._printf_i.str1.1
                0x000057c1       0x22 c:/program files (x86)/atmel/studio/7.0/toolchain/arm/arm-gnu-toolchain/bin/../lib/gcc/arm-none-eabi/6.3.1/../../../../arm-none-eabi/lib/thumb/v6-m\libc_nano.a(lib_a-nano-vfprintf_i.o)
 *(.ARM.extab* .gnu.linkonce.armextab.*)
                0x000057e4                . = ALIGN (0x4)
 *fill*         0x000057e3        0x1 
 *(.init)
 .init          0x000057e4        0x4 c:/program files (x86)/atmel/studio/7.0/toolchain/arm/arm-gnu-toolchain/bin/../lib/gcc/arm-none-eabi/6.3.1/thumb/v6-m/crti.o
                0x000057e4                _init
 .init          0x000057e8        0x8 c:/program files (x86)/atmel/studio/7.0/toolchain/arm/arm-gnu-toolchain/bin/../lib/gcc/arm-none-eabi/6.3.1/thumb/v6-m/crtn.o
                0x000057f0                . = ALIGN (0x4)
                0x000057f0                __preinit_array_start = .
 *(.preinit_array)
                0x000057f0                __preinit_array_end = .
                0x000057f0                . = ALIGN (0x4)
                0x000057f0                __init_array_start = .
 *(SORT(.init_array.*))
 *(.init_array)
 .init_array    0x000057f0        0x4 c:/program files (x86)/atmel/studio/7.0/toolchain/arm/arm-gnu-toolchain/bin/../lib/gcc/arm-none-eabi/6.3.1/thumb/v6-m/crtbegin.o
                0x000057f4                __init_array_end = .
                0x000057f4                . = ALIGN (0x4)
 *crtbegin.o(.ctors)
 *(EXCLUDE_FILE(*crtend.o) .ctors)
 *(SORT(.ctors.*))
 *crtend.o(.ctors)
                0x000057f4                . = ALIGN (0x4)
 *(.fini)
 .fini          0x000057f4        0x4 c:/program files (x86)/atmel/studio/7.0/toolchain/arm/arm-gnu-toolchain/bin/../lib/gcc/arm-none-eabi/6.3.1/thumb/v6-m/crti.o
                0x000057f4                _fini
 .fini          0x000057f8        0x8 c:/program files (x86)/atmel/studio/7.0/toolchain/arm/arm-gnu-toolchain/bin/../lib/gcc/arm-none-eabi/6.3.1/thumb/v6-m/crtn.o
                0x00005800                . = ALIGN (0x4)
                0x00005800                __fini_array_start = .
 *(.fini_array)
 .fini_array    0x00005800        0x4 c:/program files (x86)/atmel/studio/7.0/toolchain/arm/arm-gnu-toolchain/bin/../lib/gcc/arm-none-eabi/6.3.1/thumb/v6-m/crtbegin.o
 *(SORT(.fini_array.*))
                0x00005804                __fini_array_end = .
 *crtbegin.o(.dtors)
 *(EXCLUDE_FILE(*crtend.o) .dtors)
 *(SORT(.dtors.*))
 *crtend.o(.dtors)
                0x00005804                . = ALIGN (0x4)
                0x00005804                _efixed = .
                [!provide]                PROVIDE (__exidx_start, .)

.vfp11_veneer   0x00005804        0x0
 .vfp11_veneer  0x00005804        0x0 linker stubs

.v4_bx          0x00005804        0x0
 .v4_bx         0x00005804        0x0 linker stubs

.iplt           0x00005804        0x0
 .iplt          0x00005804        0x0 c:/program files (x86)/atmel/studio/7.0/toolchain/arm/arm-gnu-toolchain/bin/../lib/gcc/arm-none-eabi/6.3.1/thumb/v6-m/crtbegin.o

.ARM.exidx      0x00005804        0x8
 *(.ARM.exidx* .gnu.linkonce.armexidx.*)
 .ARM.exidx     0x00005804        0x8 c:/program files (x86)/atmel/studio/7.0/toolchain/arm/arm-gnu-toolchain/bin/../lib/gcc/arm-none-eabi/6.3.1/thumb/v6-m\libgcc.a(_udivmoddi4.o)
                [!provide]                PROVIDE (__exidx_end, .)

.eh_frame       0x0000580c        0x0
 .eh_frame      0x0000580c        0x0 c:/program files (x86)/atmel/studio/7.0/toolchain/arm/arm-gnu-toolchain/bin/../lib/gcc/arm-none-eabi/6.3.1/thumb/v6-m/crtbegin.o

.rel.dyn        0x0000580c        0x0
 .rel.iplt      0x0000580c        0x0 c:/program files (x86)/atmel/studio/7.0/toolchain/arm/arm-gnu-toolchain/bin/../lib/gcc/arm-none-eabi/6.3.1/thumb/v6-m/crtbegin.o

.jcr            0x0000580c        0x0
 .jcr           0x0000580c        0x0 c:/program files (x86)/atmel/studio/7.0/toolchain/arm/arm-gnu-toolchain/bin/../lib/gcc/arm-none-eabi/6.3.1/thumb/v6-m/crtbegin.o

.igot.plt       0x0000580c        0x0
 .igot.plt      0x0000580c        0x0 c:/program files (x86)/atmel/studio/7.0/toolchain/arm/arm-gnu-toolchain/bin/../lib/gcc/arm-none-eabi/6.3.1/thumb/v6-m/crtbegin.o
                0x0000580c                . = ALIGN (0x4)
                0x0000580c                _etext = .

.relocate       0x20000000       0x74 load address 0x0000580c
                0x20000000                . = ALIGN (0x4)
                0x20000000                _srelocate = .
 *(.ramfunc .ramfunc.*)
 .ramfunc       0x20000000        0xc src/asf/common2/services/delay/sam0/cycle_counter.o
                0x20000000                portable_delay_cycles
 *(.data .data.*)
 .data.g_interrupt_enabled
                0x2000000c        0x1 src/asf/common/utils/interrupt/interrupt_sam_nvic.o
                0x2000000c                g_interrupt_enabled
 .data.__fdlib_version
                0x2000000d        0x1 c:/program files (x86)/atmel/studio/7.0/toolchain/arm/arm-gnu-toolchain/bin/../lib/gcc/arm-none-eabi/6.3.1/../../../../arm-none-eabi/lib/thumb/v6-m\libm.a(lib_a-s_lib_ver.o)
                0x2000000d                __fdlib_version
 *fill*         0x2000000e        0x2 
 .data._impure_ptr
                0x20000010        0x4 c:/program files (x86)/atmel/studio/7.0/toolchain/arm/arm-gnu-toolchain/bin/../lib/gcc/arm-none-eabi/6.3.1/../../../../arm-none-eabi/lib/thumb/v6-m\libc_nano.a(lib_a-impure.o)
                0x20000010                _impure_ptr
 .data.impure_data
                0x20000014       0x60 c:/program files (x86)/atmel/studio/7.0/toolchain/arm/arm-gnu-toolchain/bin/../lib/gcc/arm-none-eabi/6.3.1/../../../../arm-none-eabi/lib/thumb/v6-m\libc_nano.a(lib_a-impure.o)
                0x20000074                . = ALIGN (0x4)
                0x20000074                _erelocate = .

.bss            0x20000074     0x29f4 load address 0x00005880
                0x20000074                . = ALIGN (0x4)
                0x20000074                _sbss = .
                0x20000074                _szero = .
 *(.bss .bss.*)
 .bss           0x20000074       0x1c c:/program files (x86)/atmel/studio/7.0/toolchain/arm/arm-gnu-toolchain/bin/../lib/gcc/arm-none-eabi/6.3.1/thumb/v6-m/crtbegin.o
 .bss.debug_buffer
                0x20000090      0x400 sail_debug.o
 .bss.init_flag
                0x20000490        0x1 sail_debug.o
 *fill*         0x20000491        0x1 
 .bss.config_idx
                0x20000492        0x2 sail_eeprom.o
 .bss.i2c_buffer
                0x20000494       0x24 sail_eeprom.o
 .bss.state     0x200004b8        0x1 sail_eeprom.o
 *fill*         0x200004b9        0x3 
 .bss.i2c_master
                0x200004bc       0x28 sail_i2c.o
 .bss.init_flag
                0x200004e4        0x1 sail_i2c.o
                0x200004e4                init_flag
 *fill*         0x200004e5        0x3 
 .bss.read_packet
                0x200004e8        0xc sail_i2c.o
 .bss.write_packet
                0x200004f4        0xc sail_i2c.o
 .bss.rx_buff_modules
                0x20000500       0x30 sail_uart.o
 .bss.rx_buffers
                0x20000530      0x400 sail_uart.o
 .bss.rx_states
                0x20000930        0x4 sail_uart.o
 .bss.rx_words  0x20000934        0x8 sail_uart.o
 .bss.tx_buff_modules
                0x2000093c       0x30 sail_uart.o
 .bss.tx_buffers
                0x2000096c     0x2000 sail_uart.o
 .bss.tx_states
                0x2000296c        0x4 sail_uart.o
 .bss.tx_words  0x20002970        0x8 sail_uart.o
 .bss.uart_modules
                0x20002978       0x90 sail_uart.o
 .bss._sercom_config
                0x20002a08        0x2 src/asf/sam0/drivers/sercom/sercom.o
 .bss._handler_table_initialized
                0x20002a0a        0x1 src/asf/sam0/drivers/sercom/sercom_interrupt.o
 *fill*         0x20002a0b        0x1 
 .bss._sercom_interrupt_handlers
                0x20002a0c       0x18 src/asf/sam0/drivers/sercom/sercom_interrupt.o
 .bss.cpu_irq_critical_section_counter
                0x20002a24        0x4 src/asf/common/utils/interrupt/interrupt_sam_nvic.o
 .bss.cpu_irq_prev_interrupt_state
                0x20002a28        0x1 src/asf/common/utils/interrupt/interrupt_sam_nvic.o
 *fill*         0x20002a29        0x3 
 .bss._system_clock_inst
                0x20002a2c       0x14 src/asf/sam0/drivers/system/clock/clock_samd20/clock.o
 .bss.heap.5296
                0x20002a40        0x4 src/asf/sam0/utils/syscalls/gcc/syscalls.o
 .bss.__malloc_free_list
                0x20002a44        0x4 c:/program files (x86)/atmel/studio/7.0/toolchain/arm/arm-gnu-toolchain/bin/../lib/gcc/arm-none-eabi/6.3.1/../../../../arm-none-eabi/lib/thumb/v6-m\libc_nano.a(lib_a-nano-mallocr.o)
                0x20002a44                __malloc_free_list
 .bss.__malloc_sbrk_start
                0x20002a48        0x4 c:/program files (x86)/atmel/studio/7.0/toolchain/arm/arm-gnu-toolchain/bin/../lib/gcc/arm-none-eabi/6.3.1/../../../../arm-none-eabi/lib/thumb/v6-m\libc_nano.a(lib_a-nano-mallocr.o)
                0x20002a48                __malloc_sbrk_start
 *(COMMON)
 COMMON         0x20002a4c       0x18 src/asf/sam0/drivers/sercom/sercom_interrupt.o
                0x20002a4c                _sercom_instances
 COMMON         0x20002a64        0x4 c:/program files (x86)/atmel/studio/7.0/toolchain/arm/arm-gnu-toolchain/bin/../lib/gcc/arm-none-eabi/6.3.1/../../../../arm-none-eabi/lib/thumb/v6-m\libc_nano.a(lib_a-reent.o)
                0x20002a64                errno
                0x20002a68                . = ALIGN (0x4)
                0x20002a68                _ebss = .
                0x20002a68                _ezero = .

.stack          0x20002a68     0x2000 load address 0x00008274
                0x20002a68                . = ALIGN (0x8)
                0x20002a68                _sstack = .
                0x20004a68                . = (. + STACK_SIZE)
 *fill*         0x20002a68     0x2000 
                0x20004a68                . = ALIGN (0x8)
                0x20004a68                _estack = .
                0x20004a68                . = ALIGN (0x4)
                0x20004a68                _end = .
OUTPUT(Test_EEPROM.elf elf32-littlearm)

.ARM.attributes
                0x00000000       0x28
 .ARM.attributes
                0x00000000       0x1e c:/program files (x86)/atmel/studio/7.0/toolchain/arm/arm-gnu-toolchain/bin/../lib/gcc/arm-none-eabi/6.3.1/thumb/v6-m/crti.o
 .ARM.attributes
                0x0000001e       0x2c c:/program files (x86)/atmel/studio/7.0/toolchain/arm/arm-gnu-toolchain/bin/../lib/gcc/arm-none-eabi/6.3.1/thumb/v6-m/crtbegin.o
 .ARM.attributes
                0x0000004a       0x32 sail_buffer.o
 .ARM.attributes
                0x0000007c       0x32 sail_debug.o
 .ARM.attributes
                0x000000ae       0x32 sail_eeprom.o
 .ARM.attributes
                0x000000e0       0x32 sail_i2c.o
 .ARM.attributes
                0x00000112       0x32 sail_uart.o
 .ARM.attributes
                0x00000144       0x32 src/asf/sam0/drivers/sercom/i2c/i2c_samd20/i2c_master.o
 .ARM.attributes
                0x00000176       0x32 src/asf/sam0/drivers/sercom/i2c/i2c_samd20/i2c_master_interrupt.o
 .ARM.attributes
                0x000001a8       0x32 src/asf/sam0/drivers/sercom/usart/usart.o
 .ARM.attributes
                0x000001da       0x32 src/asf/sam0/drivers/sercom/usart/usart_interrupt.o
 .ARM.attributes
                0x0000020c       0x32 src/asf/sam0/drivers/sercom/sercom.o
 .ARM.attributes
                0x0000023e       0x32 src/asf/sam0/drivers/sercom/sercom_interrupt.o
 .ARM.attributes
                0x00000270       0x32 src/asf/common2/services/delay/sam0/cycle_counter.o
 .ARM.attributes
                0x000002a2       0x32 src/asf/common/utils/interrupt/interrupt_sam_nvic.o
 .ARM.attributes
                0x000002d4       0x32 src/asf/sam0/boards/samd20_xplained_pro/board_init.o
 .ARM.attributes
                0x00000306       0x32 src/asf/sam0/drivers/port/port.o
 .ARM.attributes
                0x00000338       0x32 src/asf/sam0/drivers/system/clock/clock_samd20/clock.o
 .ARM.attributes
                0x0000036a       0x32 src/asf/sam0/drivers/system/clock/clock_samd20/gclk.o
 .ARM.attributes
                0x0000039c       0x32 src/asf/sam0/drivers/system/pinmux/pinmux.o
 .ARM.attributes
                0x000003ce       0x32 src/asf/sam0/drivers/system/system.o
 .ARM.attributes
                0x00000400       0x32 src/asf/sam0/utils/cmsis/samd20/source/gcc/startup_samd20.o
 .ARM.attributes
                0x00000432       0x32 src/asf/sam0/utils/syscalls/gcc/syscalls.o
 .ARM.attributes
                0x00000464       0x32 src/main.o
 .ARM.attributes
                0x00000496       0x2c c:/program files (x86)/atmel/studio/7.0/toolchain/arm/arm-gnu-toolchain/bin/../lib/gcc/arm-none-eabi/6.3.1/../../../../arm-none-eabi/lib/thumb/v6-m\libm.a(lib_a-w_fmod.o)
 .ARM.attributes
                0x000004c2       0x2c c:/program files (x86)/atmel/studio/7.0/toolchain/arm/arm-gnu-toolchain/bin/../lib/gcc/arm-none-eabi/6.3.1/../../../../arm-none-eabi/lib/thumb/v6-m\libm.a(lib_a-e_fmod.o)
 .ARM.attributes
                0x000004ee       0x2c c:/program files (x86)/atmel/studio/7.0/toolchain/arm/arm-gnu-toolchain/bin/../lib/gcc/arm-none-eabi/6.3.1/../../../../arm-none-eabi/lib/thumb/v6-m\libm.a(lib_a-s_lib_ver.o)
 .ARM.attributes
                0x0000051a       0x2c c:/program files (x86)/atmel/studio/7.0/toolchain/arm/arm-gnu-toolchain/bin/../lib/gcc/arm-none-eabi/6.3.1/../../../../arm-none-eabi/lib/thumb/v6-m\libm.a(lib_a-s_matherr.o)
 .ARM.attributes
                0x00000546       0x1e c:/program files (x86)/atmel/studio/7.0/toolchain/arm/arm-gnu-toolchain/bin/../lib/gcc/arm-none-eabi/6.3.1/thumb/v6-m\libgcc.a(_udivsi3.o)
 .ARM.attributes
                0x00000564       0x1e c:/program files (x86)/atmel/studio/7.0/toolchain/arm/arm-gnu-toolchain/bin/../lib/gcc/arm-none-eabi/6.3.1/thumb/v6-m\libgcc.a(_divsi3.o)
 .ARM.attributes
                0x00000582       0x1e c:/program files (x86)/atmel/studio/7.0/toolchain/arm/arm-gnu-toolchain/bin/../lib/gcc/arm-none-eabi/6.3.1/thumb/v6-m\libgcc.a(_dvmd_tls.o)
 .ARM.attributes
                0x000005a0       0x1e c:/program files (x86)/atmel/studio/7.0/toolchain/arm/arm-gnu-toolchain/bin/../lib/gcc/arm-none-eabi/6.3.1/thumb/v6-m\libgcc.a(_arm_cmpdf2.o)
 .ARM.attributes
                0x000005be       0x1e c:/program files (x86)/atmel/studio/7.0/toolchain/arm/arm-gnu-toolchain/bin/../lib/gcc/arm-none-eabi/6.3.1/thumb/v6-m\libgcc.a(_aeabi_uldivmod.o)
 .ARM.attributes
                0x000005dc       0x2c c:/program files (x86)/atmel/studio/7.0/toolchain/arm/arm-gnu-toolchain/bin/../lib/gcc/arm-none-eabi/6.3.1/thumb/v6-m\libgcc.a(_muldi3.o)
 .ARM.attributes
                0x00000608       0x2c c:/program files (x86)/atmel/studio/7.0/toolchain/arm/arm-gnu-toolchain/bin/../lib/gcc/arm-none-eabi/6.3.1/thumb/v6-m\libgcc.a(_fixunsdfsi.o)
 .ARM.attributes
                0x00000634       0x2c c:/program files (x86)/atmel/studio/7.0/toolchain/arm/arm-gnu-toolchain/bin/../lib/gcc/arm-none-eabi/6.3.1/thumb/v6-m\libgcc.a(_udivmoddi4.o)
 .ARM.attributes
                0x00000660       0x2c c:/program files (x86)/atmel/studio/7.0/toolchain/arm/arm-gnu-toolchain/bin/../lib/gcc/arm-none-eabi/6.3.1/thumb/v6-m\libgcc.a(adddf3.o)
 .ARM.attributes
                0x0000068c       0x2c c:/program files (x86)/atmel/studio/7.0/toolchain/arm/arm-gnu-toolchain/bin/../lib/gcc/arm-none-eabi/6.3.1/thumb/v6-m\libgcc.a(divdf3.o)
 .ARM.attributes
                0x000006b8       0x2c c:/program files (x86)/atmel/studio/7.0/toolchain/arm/arm-gnu-toolchain/bin/../lib/gcc/arm-none-eabi/6.3.1/thumb/v6-m\libgcc.a(eqdf2.o)
 .ARM.attributes
                0x000006e4       0x2c c:/program files (x86)/atmel/studio/7.0/toolchain/arm/arm-gnu-toolchain/bin/../lib/gcc/arm-none-eabi/6.3.1/thumb/v6-m\libgcc.a(gedf2.o)
 .ARM.attributes
                0x00000710       0x2c c:/program files (x86)/atmel/studio/7.0/toolchain/arm/arm-gnu-toolchain/bin/../lib/gcc/arm-none-eabi/6.3.1/thumb/v6-m\libgcc.a(ledf2.o)
 .ARM.attributes
                0x0000073c       0x2c c:/program files (x86)/atmel/studio/7.0/toolchain/arm/arm-gnu-toolchain/bin/../lib/gcc/arm-none-eabi/6.3.1/thumb/v6-m\libgcc.a(muldf3.o)
 .ARM.attributes
                0x00000768       0x2c c:/program files (x86)/atmel/studio/7.0/toolchain/arm/arm-gnu-toolchain/bin/../lib/gcc/arm-none-eabi/6.3.1/thumb/v6-m\libgcc.a(subdf3.o)
 .ARM.attributes
                0x00000794       0x2c c:/program files (x86)/atmel/studio/7.0/toolchain/arm/arm-gnu-toolchain/bin/../lib/gcc/arm-none-eabi/6.3.1/thumb/v6-m\libgcc.a(unorddf2.o)
 .ARM.attributes
                0x000007c0       0x2c c:/program files (x86)/atmel/studio/7.0/toolchain/arm/arm-gnu-toolchain/bin/../lib/gcc/arm-none-eabi/6.3.1/thumb/v6-m\libgcc.a(fixdfsi.o)
 .ARM.attributes
                0x000007ec       0x2c c:/program files (x86)/atmel/studio/7.0/toolchain/arm/arm-gnu-toolchain/bin/../lib/gcc/arm-none-eabi/6.3.1/thumb/v6-m\libgcc.a(floatsidf.o)
 .ARM.attributes
                0x00000818       0x1e c:/program files (x86)/atmel/studio/7.0/toolchain/arm/arm-gnu-toolchain/bin/../lib/gcc/arm-none-eabi/6.3.1/thumb/v6-m\libgcc.a(_clzsi2.o)
 .ARM.attributes
                0x00000836       0x1e c:/program files (x86)/atmel/studio/7.0/toolchain/arm/arm-gnu-toolchain/bin/../lib/gcc/arm-none-eabi/6.3.1/thumb/v6-m\libgcc.a(_clzdi2.o)
 .ARM.attributes
                0x00000854       0x2c c:/program files (x86)/atmel/studio/7.0/toolchain/arm/arm-gnu-toolchain/bin/../lib/gcc/arm-none-eabi/6.3.1/../../../../arm-none-eabi/lib/thumb/v6-m\libc_nano.a(lib_a-errno.o)
 .ARM.attributes
                0x00000880       0x2c c:/program files (x86)/atmel/studio/7.0/toolchain/arm/arm-gnu-toolchain/bin/../lib/gcc/arm-none-eabi/6.3.1/../../../../arm-none-eabi/lib/thumb/v6-m\libc_nano.a(lib_a-impure.o)
 .ARM.attributes
                0x000008ac       0x2c c:/program files (x86)/atmel/studio/7.0/toolchain/arm/arm-gnu-toolchain/bin/../lib/gcc/arm-none-eabi/6.3.1/../../../../arm-none-eabi/lib/thumb/v6-m\libc_nano.a(lib_a-init.o)
 .ARM.attributes
                0x000008d8       0x2c c:/program files (x86)/atmel/studio/7.0/toolchain/arm/arm-gnu-toolchain/bin/../lib/gcc/arm-none-eabi/6.3.1/../../../../arm-none-eabi/lib/thumb/v6-m\libc_nano.a(lib_a-memcpy-stub.o)
 .ARM.attributes
                0x00000904       0x2c c:/program files (x86)/atmel/studio/7.0/toolchain/arm/arm-gnu-toolchain/bin/../lib/gcc/arm-none-eabi/6.3.1/../../../../arm-none-eabi/lib/thumb/v6-m\libc_nano.a(lib_a-memset.o)
 .ARM.attributes
                0x00000930       0x2c c:/program files (x86)/atmel/studio/7.0/toolchain/arm/arm-gnu-toolchain/bin/../lib/gcc/arm-none-eabi/6.3.1/../../../../arm-none-eabi/lib/thumb/v6-m\libc_nano.a(lib_a-rand.o)
 .ARM.attributes
                0x0000095c       0x1c c:/program files (x86)/atmel/studio/7.0/toolchain/arm/arm-gnu-toolchain/bin/../lib/gcc/arm-none-eabi/6.3.1/../../../../arm-none-eabi/lib/thumb/v6-m\libc_nano.a(lib_a-strlen.o)
 .ARM.attributes
                0x00000978       0x2c c:/program files (x86)/atmel/studio/7.0/toolchain/arm/arm-gnu-toolchain/bin/../lib/gcc/arm-none-eabi/6.3.1/../../../../arm-none-eabi/lib/thumb/v6-m\libc_nano.a(lib_a-vsnprintf.o)
 .ARM.attributes
                0x000009a4       0x2c c:/program files (x86)/atmel/studio/7.0/toolchain/arm/arm-gnu-toolchain/bin/../lib/gcc/arm-none-eabi/6.3.1/../../../../arm-none-eabi/lib/thumb/v6-m\libc_nano.a(lib_a-findfp.o)
 .ARM.attributes
                0x000009d0       0x2c c:/program files (x86)/atmel/studio/7.0/toolchain/arm/arm-gnu-toolchain/bin/../lib/gcc/arm-none-eabi/6.3.1/../../../../arm-none-eabi/lib/thumb/v6-m\libc_nano.a(lib_a-malloc.o)
 .ARM.attributes
                0x000009fc       0x2c c:/program files (x86)/atmel/studio/7.0/toolchain/arm/arm-gnu-toolchain/bin/../lib/gcc/arm-none-eabi/6.3.1/../../../../arm-none-eabi/lib/thumb/v6-m\libc_nano.a(lib_a-nano-freer.o)
 .ARM.attributes
                0x00000a28       0x2c c:/program files (x86)/atmel/studio/7.0/toolchain/arm/arm-gnu-toolchain/bin/../lib/gcc/arm-none-eabi/6.3.1/../../../../arm-none-eabi/lib/thumb/v6-m\libc_nano.a(lib_a-nano-mallocr.o)
 .ARM.attributes
                0x00000a54       0x2c c:/program files (x86)/atmel/studio/7.0/toolchain/arm/arm-gnu-toolchain/bin/../lib/gcc/arm-none-eabi/6.3.1/../../../../arm-none-eabi/lib/thumb/v6-m\libc_nano.a(lib_a-nano-svfprintf.o)
 .ARM.attributes
                0x00000a80       0x2c c:/program files (x86)/atmel/studio/7.0/toolchain/arm/arm-gnu-toolchain/bin/../lib/gcc/arm-none-eabi/6.3.1/../../../../arm-none-eabi/lib/thumb/v6-m\libc_nano.a(lib_a-nano-vfprintf_i.o)
 .ARM.attributes
                0x00000aac       0x2c c:/program files (x86)/atmel/studio/7.0/toolchain/arm/arm-gnu-toolchain/bin/../lib/gcc/arm-none-eabi/6.3.1/../../../../arm-none-eabi/lib/thumb/v6-m\libc_nano.a(lib_a-sbrkr.o)
 .ARM.attributes
                0x00000ad8       0x2c c:/program files (x86)/atmel/studio/7.0/toolchain/arm/arm-gnu-toolchain/bin/../lib/gcc/arm-none-eabi/6.3.1/../../../../arm-none-eabi/lib/thumb/v6-m\libc_nano.a(lib_a-memchr-stub.o)
 .ARM.attributes
                0x00000b04       0x2c c:/program files (x86)/atmel/studio/7.0/toolchain/arm/arm-gnu-toolchain/bin/../lib/gcc/arm-none-eabi/6.3.1/../../../../arm-none-eabi/lib/thumb/v6-m\libc_nano.a(lib_a-memmove.o)
 .ARM.attributes
                0x00000b30       0x2c c:/program files (x86)/atmel/studio/7.0/toolchain/arm/arm-gnu-toolchain/bin/../lib/gcc/arm-none-eabi/6.3.1/../../../../arm-none-eabi/lib/thumb/v6-m\libc_nano.a(lib_a-mlock.o)
 .ARM.attributes
                0x00000b5c       0x2c c:/program files (x86)/atmel/studio/7.0/toolchain/arm/arm-gnu-toolchain/bin/../lib/gcc/arm-none-eabi/6.3.1/../../../../arm-none-eabi/lib/thumb/v6-m\libc_nano.a(lib_a-nano-reallocr.o)
 .ARM.attributes
                0x00000b88       0x2c c:/program files (x86)/atmel/studio/7.0/toolchain/arm/arm-gnu-toolchain/bin/../lib/gcc/arm-none-eabi/6.3.1/../../../../arm-none-eabi/lib/thumb/v6-m\libc_nano.a(lib_a-reent.o)
 .ARM.attributes
                0x00000bb4       0x2c c:/program files (x86)/atmel/studio/7.0/toolchain/arm/arm-gnu-toolchain/bin/../lib/gcc/arm-none-eabi/6.3.1/../../../../arm-none-eabi/lib/thumb/v6-m\libc_nano.a(lib_a-nano-msizer.o)
 .ARM.attributes
                0x00000be0       0x1e c:/program files (x86)/atmel/studio/7.0/toolchain/arm/arm-gnu-toolchain/bin/../lib/gcc/arm-none-eabi/6.3.1/thumb/v6-m/crtn.o

.comment        0x00000000       0x59
 .comment       0x00000000       0x59 sail_buffer.o
                                 0x5a (size before relaxing)
 .comment       0x00000059       0x5a sail_debug.o
 .comment       0x00000059       0x5a sail_eeprom.o
 .comment       0x00000059       0x5a sail_i2c.o
 .comment       0x00000059       0x5a sail_uart.o
 .comment       0x00000059       0x5a src/asf/sam0/drivers/sercom/i2c/i2c_samd20/i2c_master.o
 .comment       0x00000059       0x5a src/asf/sam0/drivers/sercom/i2c/i2c_samd20/i2c_master_interrupt.o
 .comment       0x00000059       0x5a src/asf/sam0/drivers/sercom/usart/usart.o
 .comment       0x00000059       0x5a src/asf/sam0/drivers/sercom/usart/usart_interrupt.o
 .comment       0x00000059       0x5a src/asf/sam0/drivers/sercom/sercom.o
 .comment       0x00000059       0x5a src/asf/sam0/drivers/sercom/sercom_interrupt.o
 .comment       0x00000059       0x5a src/asf/common2/services/delay/sam0/cycle_counter.o
 .comment       0x00000059       0x5a src/asf/common/utils/interrupt/interrupt_sam_nvic.o
 .comment       0x00000059       0x5a src/asf/sam0/boards/samd20_xplained_pro/board_init.o
 .comment       0x00000059       0x5a src/asf/sam0/drivers/port/port.o
 .comment       0x00000059       0x5a src/asf/sam0/drivers/system/clock/clock_samd20/clock.o
 .comment       0x00000059       0x5a src/asf/sam0/drivers/system/clock/clock_samd20/gclk.o
 .comment       0x00000059       0x5a src/asf/sam0/drivers/system/pinmux/pinmux.o
 .comment       0x00000059       0x5a src/asf/sam0/drivers/system/system.o
 .comment       0x00000059       0x5a src/asf/sam0/utils/cmsis/samd20/source/gcc/startup_samd20.o
 .comment       0x00000059       0x5a src/asf/sam0/utils/syscalls/gcc/syscalls.o
 .comment       0x00000059       0x5a src/main.o

.debug_info     0x00000000    0x292da
 .debug_info    0x00000000      0xf31 sail_buffer.o
 .debug_info    0x00000f31      0xbe0 sail_debug.o
 .debug_info    0x00001b11     0x153f sail_eeprom.o
 .debug_info    0x00003050     0x2c5b sail_i2c.o
 .debug_info    0x00005cab     0x32c2 sail_uart.o
 .debug_info    0x00008f6d     0x4661 src/asf/sam0/drivers/sercom/i2c/i2c_samd20/i2c_master.o
 .debug_info    0x0000d5ce     0x29cc src/asf/sam0/drivers/sercom/i2c/i2c_samd20/i2c_master_interrupt.o
 .debug_info    0x0000ff9a     0x42b7 src/asf/sam0/drivers/sercom/usart/usart.o
 .debug_info    0x00014251     0x2887 src/asf/sam0/drivers/sercom/usart/usart_interrupt.o
 .debug_info    0x00016ad8     0x26ac src/asf/sam0/drivers/sercom/sercom.o
 .debug_info    0x00019184     0x245c src/asf/sam0/drivers/sercom/sercom_interrupt.o
 .debug_info    0x0001b5e0      0xa64 src/asf/common2/services/delay/sam0/cycle_counter.o
 .debug_info    0x0001c044      0xb07 src/asf/common/utils/interrupt/interrupt_sam_nvic.o
 .debug_info    0x0001cb4b     0x12ae src/asf/sam0/boards/samd20_xplained_pro/board_init.o
 .debug_info    0x0001ddf9     0x12b8 src/asf/sam0/drivers/port/port.o
 .debug_info    0x0001f0b1     0x3cea src/asf/sam0/drivers/system/clock/clock_samd20/clock.o
 .debug_info    0x00022d9b     0x1de8 src/asf/sam0/drivers/system/clock/clock_samd20/gclk.o
 .debug_info    0x00024b83     0x1376 src/asf/sam0/drivers/system/pinmux/pinmux.o
 .debug_info    0x00025ef9      0xa73 src/asf/sam0/drivers/system/system.o
 .debug_info    0x0002696c      0x9c9 src/asf/sam0/utils/cmsis/samd20/source/gcc/startup_samd20.o
 .debug_info    0x00027335      0xdca src/asf/sam0/utils/syscalls/gcc/syscalls.o
 .debug_info    0x000280ff     0x11db src/main.o

.debug_abbrev   0x00000000     0x4661
 .debug_abbrev  0x00000000      0x2c7 sail_buffer.o
 .debug_abbrev  0x000002c7      0x21f sail_debug.o
 .debug_abbrev  0x000004e6      0x385 sail_eeprom.o
 .debug_abbrev  0x0000086b      0x3b4 sail_i2c.o
 .debug_abbrev  0x00000c1f      0x3f5 sail_uart.o
 .debug_abbrev  0x00001014      0x510 src/asf/sam0/drivers/sercom/i2c/i2c_samd20/i2c_master.o
 .debug_abbrev  0x00001524      0x3fa src/asf/sam0/drivers/sercom/i2c/i2c_samd20/i2c_master_interrupt.o
 .debug_abbrev  0x0000191e      0x480 src/asf/sam0/drivers/sercom/usart/usart.o
 .debug_abbrev  0x00001d9e      0x416 src/asf/sam0/drivers/sercom/usart/usart_interrupt.o
 .debug_abbrev  0x000021b4      0x3aa src/asf/sam0/drivers/sercom/sercom.o
 .debug_abbrev  0x0000255e      0x2d8 src/asf/sam0/drivers/sercom/sercom_interrupt.o
 .debug_abbrev  0x00002836      0x1e7 src/asf/common2/services/delay/sam0/cycle_counter.o
 .debug_abbrev  0x00002a1d      0x22c src/asf/common/utils/interrupt/interrupt_sam_nvic.o
 .debug_abbrev  0x00002c49      0x2dc src/asf/sam0/boards/samd20_xplained_pro/board_init.o
 .debug_abbrev  0x00002f25      0x298 src/asf/sam0/drivers/port/port.o
 .debug_abbrev  0x000031bd      0x4a1 src/asf/sam0/drivers/system/clock/clock_samd20/clock.o
 .debug_abbrev  0x0000365e      0x3f1 src/asf/sam0/drivers/system/clock/clock_samd20/gclk.o
 .debug_abbrev  0x00003a4f      0x332 src/asf/sam0/drivers/system/pinmux/pinmux.o
 .debug_abbrev  0x00003d81      0x1e1 src/asf/sam0/drivers/system/system.o
 .debug_abbrev  0x00003f62      0x1e4 src/asf/sam0/utils/cmsis/samd20/source/gcc/startup_samd20.o
 .debug_abbrev  0x00004146      0x25a src/asf/sam0/utils/syscalls/gcc/syscalls.o
 .debug_abbrev  0x000043a0      0x2c1 src/main.o

.debug_loc      0x00000000     0x64d9
 .debug_loc     0x00000000      0x743 sail_buffer.o
 .debug_loc     0x00000743       0x58 sail_debug.o
 .debug_loc     0x0000079b      0x560 sail_eeprom.o
 .debug_loc     0x00000cfb      0x44c sail_i2c.o
 .debug_loc     0x00001147      0x61a sail_uart.o
 .debug_loc     0x00001761      0xc97 src/asf/sam0/drivers/sercom/i2c/i2c_samd20/i2c_master.o
 .debug_loc     0x000023f8      0x64e src/asf/sam0/drivers/sercom/i2c/i2c_samd20/i2c_master_interrupt.o
 .debug_loc     0x00002a46      0xc27 src/asf/sam0/drivers/sercom/usart/usart.o
 .debug_loc     0x0000366d      0x6b6 src/asf/sam0/drivers/sercom/usart/usart_interrupt.o
 .debug_loc     0x00003d23      0xabb src/asf/sam0/drivers/sercom/sercom.o
 .debug_loc     0x000047de      0x161 src/asf/sam0/drivers/sercom/sercom_interrupt.o
 .debug_loc     0x0000493f       0x8a src/asf/sam0/boards/samd20_xplained_pro/board_init.o
 .debug_loc     0x000049c9      0x13d src/asf/sam0/drivers/port/port.o
 .debug_loc     0x00004b06      0xe5a src/asf/sam0/drivers/system/clock/clock_samd20/clock.o
 .debug_loc     0x00005960      0x504 src/asf/sam0/drivers/system/clock/clock_samd20/gclk.o
 .debug_loc     0x00005e64      0x322 src/asf/sam0/drivers/system/pinmux/pinmux.o
 .debug_loc     0x00006186       0x20 src/asf/sam0/drivers/system/system.o
 .debug_loc     0x000061a6       0x40 src/asf/sam0/utils/cmsis/samd20/source/gcc/startup_samd20.o
 .debug_loc     0x000061e6      0x13b src/asf/sam0/utils/syscalls/gcc/syscalls.o
 .debug_loc     0x00006321      0x1b8 src/main.o

.debug_aranges  0x00000000      0x698
 .debug_aranges
                0x00000000       0x50 sail_buffer.o
 .debug_aranges
                0x00000050       0x28 sail_debug.o
 .debug_aranges
                0x00000078       0x68 sail_eeprom.o
 .debug_aranges
                0x000000e0       0x30 sail_i2c.o
 .debug_aranges
                0x00000110       0x90 sail_uart.o
 .debug_aranges
                0x000001a0       0x98 src/asf/sam0/drivers/sercom/i2c/i2c_samd20/i2c_master.o
 .debug_aranges
                0x00000238       0x80 src/asf/sam0/drivers/sercom/i2c/i2c_samd20/i2c_master_interrupt.o
 .debug_aranges
                0x000002b8       0x40 src/asf/sam0/drivers/sercom/usart/usart.o
 .debug_aranges
                0x000002f8       0x70 src/asf/sam0/drivers/sercom/usart/usart_interrupt.o
 .debug_aranges
                0x00000368       0x40 src/asf/sam0/drivers/sercom/sercom.o
 .debug_aranges
                0x000003a8       0x60 src/asf/sam0/drivers/sercom/sercom_interrupt.o
 .debug_aranges
                0x00000408       0x28 src/asf/common2/services/delay/sam0/cycle_counter.o
 .debug_aranges
                0x00000430       0x28 src/asf/common/utils/interrupt/interrupt_sam_nvic.o
 .debug_aranges
                0x00000458       0x20 src/asf/sam0/boards/samd20_xplained_pro/board_init.o
 .debug_aranges
                0x00000478       0x28 src/asf/sam0/drivers/port/port.o
 .debug_aranges
                0x000004a0       0x70 src/asf/sam0/drivers/system/clock/clock_samd20/clock.o
 .debug_aranges
                0x00000510       0x80 src/asf/sam0/drivers/system/clock/clock_samd20/gclk.o
 .debug_aranges
                0x00000590       0x38 src/asf/sam0/drivers/system/pinmux/pinmux.o
 .debug_aranges
                0x000005c8       0x28 src/asf/sam0/drivers/system/system.o
 .debug_aranges
                0x000005f0       0x28 src/asf/sam0/utils/cmsis/samd20/source/gcc/startup_samd20.o
 .debug_aranges
                0x00000618       0x60 src/asf/sam0/utils/syscalls/gcc/syscalls.o
 .debug_aranges
                0x00000678       0x20 src/main.o

.debug_ranges   0x00000000      0x688
 .debug_ranges  0x00000000       0x40 sail_buffer.o
 .debug_ranges  0x00000040       0x18 sail_debug.o
 .debug_ranges  0x00000058       0x70 sail_eeprom.o
 .debug_ranges  0x000000c8       0x20 sail_i2c.o
 .debug_ranges  0x000000e8       0x80 sail_uart.o
 .debug_ranges  0x00000168       0xa0 src/asf/sam0/drivers/sercom/i2c/i2c_samd20/i2c_master.o
 .debug_ranges  0x00000208       0x70 src/asf/sam0/drivers/sercom/i2c/i2c_samd20/i2c_master_interrupt.o
 .debug_ranges  0x00000278      0x100 src/asf/sam0/drivers/sercom/usart/usart.o
 .debug_ranges  0x00000378       0x60 src/asf/sam0/drivers/sercom/usart/usart_interrupt.o
 .debug_ranges  0x000003d8       0x68 src/asf/sam0/drivers/sercom/sercom.o
 .debug_ranges  0x00000440       0x50 src/asf/sam0/drivers/sercom/sercom_interrupt.o
 .debug_ranges  0x00000490       0x18 src/asf/common2/services/delay/sam0/cycle_counter.o
 .debug_ranges  0x000004a8       0x18 src/asf/common/utils/interrupt/interrupt_sam_nvic.o
 .debug_ranges  0x000004c0       0x10 src/asf/sam0/boards/samd20_xplained_pro/board_init.o
 .debug_ranges  0x000004d0       0x18 src/asf/sam0/drivers/port/port.o
 .debug_ranges  0x000004e8       0x60 src/asf/sam0/drivers/system/clock/clock_samd20/clock.o
 .debug_ranges  0x00000548       0x88 src/asf/sam0/drivers/system/clock/clock_samd20/gclk.o
 .debug_ranges  0x000005d0       0x28 src/asf/sam0/drivers/system/pinmux/pinmux.o
 .debug_ranges  0x000005f8       0x18 src/asf/sam0/drivers/system/system.o
 .debug_ranges  0x00000610       0x18 src/asf/sam0/utils/cmsis/samd20/source/gcc/startup_samd20.o
 .debug_ranges  0x00000628       0x50 src/asf/sam0/utils/syscalls/gcc/syscalls.o
 .debug_ranges  0x00000678       0x10 src/main.o

.debug_macro    0x00000000    0x15f48
 .debug_macro   0x00000000      0x500 sail_buffer.o
 .debug_macro   0x00000500      0x8c2 sail_buffer.o
 .debug_macro   0x00000dc2       0x22 sail_buffer.o
 .debug_macro   0x00000de4       0x87 sail_buffer.o
 .debug_macro   0x00000e6b       0x51 sail_buffer.o
 .debug_macro   0x00000ebc       0xef sail_buffer.o
 .debug_macro   0x00000fab       0x6a sail_buffer.o
 .debug_macro   0x00001015      0x1df sail_buffer.o
 .debug_macro   0x000011f4       0x16 sail_buffer.o
 .debug_macro   0x0000120a       0x22 sail_buffer.o
 .debug_macro   0x0000122c       0x58 sail_buffer.o
 .debug_macro   0x00001284       0x35 sail_buffer.o
 .debug_macro   0x000012b9       0x9c sail_buffer.o
 .debug_macro   0x00001355       0x16 sail_buffer.o
 .debug_macro   0x0000136b      0x10e sail_buffer.o
 .debug_macro   0x00001479       0x86 sail_buffer.o
 .debug_macro   0x000014ff       0x58 sail_buffer.o
 .debug_macro   0x00001557       0x1f sail_buffer.o
 .debug_macro   0x00001576       0x43 sail_buffer.o
 .debug_macro   0x000015b9       0x20 sail_buffer.o
 .debug_macro   0x000015d9      0x187 sail_buffer.o
 .debug_macro   0x00001760      0x353 sail_buffer.o
 .debug_macro   0x00001ab3       0x16 sail_buffer.o
 .debug_macro   0x00001ac9       0x29 sail_buffer.o
 .debug_macro   0x00001af2       0x16 sail_buffer.o
 .debug_macro   0x00001b08       0x35 sail_buffer.o
 .debug_macro   0x00001b3d      0x644 sail_buffer.o
 .debug_macro   0x00002181       0x76 sail_buffer.o
 .debug_macro   0x000021f7       0x16 sail_buffer.o
 .debug_macro   0x0000220d      0x6e5 sail_buffer.o
 .debug_macro   0x000028f2      0xde2 sail_buffer.o
 .debug_macro   0x000036d4       0x40 sail_buffer.o
 .debug_macro   0x00003714       0x3a sail_buffer.o
 .debug_macro   0x0000374e       0x1f sail_buffer.o
 .debug_macro   0x0000376d      0x250 sail_buffer.o
 .debug_macro   0x000039bd      0x682 sail_buffer.o
 .debug_macro   0x0000403f      0x8c1 sail_buffer.o
 .debug_macro   0x00004900      0x229 sail_buffer.o
 .debug_macro   0x00004b29      0x5bf sail_buffer.o
 .debug_macro   0x000050e8      0x9fb sail_buffer.o
 .debug_macro   0x00005ae3      0x5b8 sail_buffer.o
 .debug_macro   0x0000609b      0x4b6 sail_buffer.o
 .debug_macro   0x00006551      0x74c sail_buffer.o
 .debug_macro   0x00006c9d       0x5e sail_buffer.o
 .debug_macro   0x00006cfb      0x5e2 sail_buffer.o
 .debug_macro   0x000072dd      0x3b8 sail_buffer.o
 .debug_macro   0x00007695      0xc55 sail_buffer.o
 .debug_macro   0x000082ea      0xd29 sail_buffer.o
 .debug_macro   0x00009013      0x7b8 sail_buffer.o
 .debug_macro   0x000097cb      0x6c2 sail_buffer.o
 .debug_macro   0x00009e8d      0x351 sail_buffer.o
 .debug_macro   0x0000a1de       0x7c sail_buffer.o
 .debug_macro   0x0000a25a       0x9a sail_buffer.o
 .debug_macro   0x0000a2f4       0x46 sail_buffer.o
 .debug_macro   0x0000a33a       0xb2 sail_buffer.o
 .debug_macro   0x0000a3ec       0x6a sail_buffer.o
 .debug_macro   0x0000a456      0x287 sail_buffer.o
 .debug_macro   0x0000a6dd       0x82 sail_buffer.o
 .debug_macro   0x0000a75f       0xb8 sail_buffer.o
 .debug_macro   0x0000a817       0x1c sail_buffer.o
 .debug_macro   0x0000a833       0x1c sail_buffer.o
 .debug_macro   0x0000a84f       0x1c sail_buffer.o
 .debug_macro   0x0000a86b       0x82 sail_buffer.o
 .debug_macro   0x0000a8ed      0x164 sail_buffer.o
 .debug_macro   0x0000aa51       0xdc sail_buffer.o
 .debug_macro   0x0000ab2d      0x104 sail_buffer.o
 .debug_macro   0x0000ac31      0x104 sail_buffer.o
 .debug_macro   0x0000ad35      0x104 sail_buffer.o
 .debug_macro   0x0000ae39      0x104 sail_buffer.o
 .debug_macro   0x0000af3d      0x104 sail_buffer.o
 .debug_macro   0x0000b041      0x104 sail_buffer.o
 .debug_macro   0x0000b145       0xfa sail_buffer.o
 .debug_macro   0x0000b23f       0xbe sail_buffer.o
 .debug_macro   0x0000b2fd       0xbe sail_buffer.o
 .debug_macro   0x0000b3bb       0xbe sail_buffer.o
 .debug_macro   0x0000b479       0xbe sail_buffer.o
 .debug_macro   0x0000b537       0xbe sail_buffer.o
 .debug_macro   0x0000b5f5       0xbe sail_buffer.o
 .debug_macro   0x0000b6b3       0xbe sail_buffer.o
 .debug_macro   0x0000b771       0xbe sail_buffer.o
 .debug_macro   0x0000b82f       0x40 sail_buffer.o
 .debug_macro   0x0000b86f      0x2e3 sail_buffer.o
 .debug_macro   0x0000bb52     0x19c4 sail_buffer.o
 .debug_macro   0x0000d516       0x4a sail_buffer.o
 .debug_macro   0x0000d560       0x1c sail_buffer.o
 .debug_macro   0x0000d57c       0x10 sail_buffer.o
 .debug_macro   0x0000d58c       0x10 sail_buffer.o
 .debug_macro   0x0000d59c       0x1c sail_buffer.o
 .debug_macro   0x0000d5b8       0x52 sail_buffer.o
 .debug_macro   0x0000d60a       0x40 sail_buffer.o
 .debug_macro   0x0000d64a       0x10 sail_buffer.o
 .debug_macro   0x0000d65a       0x40 sail_buffer.o
 .debug_macro   0x0000d69a       0xd7 sail_buffer.o
 .debug_macro   0x0000d771       0x16 sail_buffer.o
 .debug_macro   0x0000d787      0x18b sail_buffer.o
 .debug_macro   0x0000d912       0x51 sail_buffer.o
 .debug_macro   0x0000d963       0x3f sail_buffer.o
 .debug_macro   0x0000d9a2      0x3df sail_buffer.o
 .debug_macro   0x0000dd81       0x2e sail_buffer.o
 .debug_macro   0x0000ddaf       0x4c sail_buffer.o
 .debug_macro   0x0000ddfb      0x1fe sail_debug.o
 .debug_macro   0x0000dff9       0x58 sail_debug.o
 .debug_macro   0x0000e051       0x10 sail_debug.o
 .debug_macro   0x0000e061       0x16 sail_debug.o
 .debug_macro   0x0000e077       0x97 sail_debug.o
 .debug_macro   0x0000e10e       0xf6 sail_debug.o
 .debug_macro   0x0000e204      0x65d sail_eeprom.o
 .debug_macro   0x0000e861       0x28 sail_eeprom.o
 .debug_macro   0x0000e889      0x16d sail_eeprom.o
 .debug_macro   0x0000e9f6       0x2e sail_eeprom.o
 .debug_macro   0x0000ea24       0x16 sail_eeprom.o
 .debug_macro   0x0000ea3a      0x2aa sail_eeprom.o
 .debug_macro   0x0000ece4      0x80c sail_eeprom.o
 .debug_macro   0x0000f4f0       0x11 sail_eeprom.o
 .debug_macro   0x0000f501       0x12 sail_eeprom.o
 .debug_macro   0x0000f513       0xb2 sail_eeprom.o
 .debug_macro   0x0000f5c5       0x10 sail_eeprom.o
 .debug_macro   0x0000f5d5       0x18 sail_eeprom.o
 .debug_macro   0x0000f5ed      0x1e1 sail_eeprom.o
 .debug_macro   0x0000f7ce       0x10 sail_eeprom.o
 .debug_macro   0x0000f7de      0x45d sail_eeprom.o
 .debug_macro   0x0000fc3b      0x5e4 sail_i2c.o
 .debug_macro   0x0001021f      0x61d sail_uart.o
 .debug_macro   0x0001083c      0x550 src/asf/sam0/drivers/sercom/i2c/i2c_samd20/i2c_master.o
 .debug_macro   0x00010d8c      0x54c src/asf/sam0/drivers/sercom/i2c/i2c_samd20/i2c_master_interrupt.o
 .debug_macro   0x000112d8      0x544 src/asf/sam0/drivers/sercom/usart/usart.o
 .debug_macro   0x0001181c       0x19 src/asf/sam0/drivers/sercom/usart/usart.o
 .debug_macro   0x00011835      0x544 src/asf/sam0/drivers/sercom/usart/usart_interrupt.o
 .debug_macro   0x00011d79      0x533 src/asf/sam0/drivers/sercom/sercom.o
 .debug_macro   0x000122ac      0x530 src/asf/sam0/drivers/sercom/sercom_interrupt.o
 .debug_macro   0x000127dc      0x4e0 src/asf/common2/services/delay/sam0/cycle_counter.o
 .debug_macro   0x00012cbc      0x4a4 src/asf/common/utils/interrupt/interrupt_sam_nvic.o
 .debug_macro   0x00013160      0x4e0 src/asf/sam0/boards/samd20_xplained_pro/board_init.o
 .debug_macro   0x00013640      0x4be src/asf/sam0/drivers/port/port.o
 .debug_macro   0x00013afe      0x5ba src/asf/sam0/drivers/system/clock/clock_samd20/clock.o
 .debug_macro   0x000140b8      0x21a src/asf/sam0/drivers/system/clock/clock_samd20/clock.o
 .debug_macro   0x000142d2      0x4db src/asf/sam0/drivers/system/clock/clock_samd20/gclk.o
 .debug_macro   0x000147ad      0x4b6 src/asf/sam0/drivers/system/pinmux/pinmux.o
 .debug_macro   0x00014c63      0x4e9 src/asf/sam0/drivers/system/system.o
 .debug_macro   0x0001514c      0x28b src/asf/sam0/utils/cmsis/samd20/source/gcc/startup_samd20.o
 .debug_macro   0x000153d7       0x3a src/asf/sam0/utils/cmsis/samd20/source/gcc/startup_samd20.o
 .debug_macro   0x00015411      0x1d6 src/asf/sam0/utils/syscalls/gcc/syscalls.o
 .debug_macro   0x000155e7       0x52 src/asf/sam0/utils/syscalls/gcc/syscalls.o
 .debug_macro   0x00015639       0x8d src/asf/sam0/utils/syscalls/gcc/syscalls.o
 .debug_macro   0x000156c6       0x57 src/asf/sam0/utils/syscalls/gcc/syscalls.o
 .debug_macro   0x0001571d       0x16 src/asf/sam0/utils/syscalls/gcc/syscalls.o
 .debug_macro   0x00015733       0x10 src/asf/sam0/utils/syscalls/gcc/syscalls.o
 .debug_macro   0x00015743       0x10 src/asf/sam0/utils/syscalls/gcc/syscalls.o
 .debug_macro   0x00015753       0x35 src/asf/sam0/utils/syscalls/gcc/syscalls.o
 .debug_macro   0x00015788      0x122 src/asf/sam0/utils/syscalls/gcc/syscalls.o
 .debug_macro   0x000158aa      0x676 src/main.o
 .debug_macro   0x00015f20       0x28 src/main.o

.debug_line     0x00000000     0xe57f
 .debug_line    0x00000000      0xa6c sail_buffer.o
 .debug_line    0x00000a6c      0x40d sail_debug.o
 .debug_line    0x00000e79      0xe1f sail_eeprom.o
 .debug_line    0x00001c98      0xd00 sail_i2c.o
 .debug_line    0x00002998      0xe2e sail_uart.o
 .debug_line    0x000037c6      0xd5f src/asf/sam0/drivers/sercom/i2c/i2c_samd20/i2c_master.o
 .debug_line    0x00004525      0xd04 src/asf/sam0/drivers/sercom/i2c/i2c_samd20/i2c_master_interrupt.o
 .debug_line    0x00005229      0xc7a src/asf/sam0/drivers/sercom/usart/usart.o
 .debug_line    0x00005ea3      0xc31 src/asf/sam0/drivers/sercom/usart/usart_interrupt.o
 .debug_line    0x00006ad4      0xb76 src/asf/sam0/drivers/sercom/sercom.o
 .debug_line    0x0000764a      0xafe src/asf/sam0/drivers/sercom/sercom_interrupt.o
 .debug_line    0x00008148      0x90a src/asf/common2/services/delay/sam0/cycle_counter.o
 .debug_line    0x00008a52      0x87c src/asf/common/utils/interrupt/interrupt_sam_nvic.o
 .debug_line    0x000092ce      0x90b src/asf/sam0/boards/samd20_xplained_pro/board_init.o
 .debug_line    0x00009bd9      0x890 src/asf/sam0/drivers/port/port.o
 .debug_line    0x0000a469      0xba1 src/asf/sam0/drivers/system/clock/clock_samd20/clock.o
 .debug_line    0x0000b00a      0xc01 src/asf/sam0/drivers/system/clock/clock_samd20/gclk.o
 .debug_line    0x0000bc0b      0x8c0 src/asf/sam0/drivers/system/pinmux/pinmux.o
 .debug_line    0x0000c4cb      0x978 src/asf/sam0/drivers/system/system.o
 .debug_line    0x0000ce43      0x5dc src/asf/sam0/utils/cmsis/samd20/source/gcc/startup_samd20.o
 .debug_line    0x0000d41f      0x418 src/asf/sam0/utils/syscalls/gcc/syscalls.o
 .debug_line    0x0000d837      0xd48 src/main.o

.debug_str      0x00000000    0x63890
 .debug_str     0x00000000    0x580c1 sail_buffer.o
                              0x58620 (size before relaxing)
 .debug_str     0x000580c1       0xca sail_debug.o
                               0x7b34 (size before relaxing)
 .debug_str     0x0005818b     0x567c sail_eeprom.o
                              0x5dc24 (size before relaxing)
 .debug_str     0x0005d807      0xe72 sail_i2c.o
                              0x5cf5b (size before relaxing)
 .debug_str     0x0005e679      0x721 sail_uart.o
                              0x5d1ae (size before relaxing)
 .debug_str     0x0005ed9a      0x950 src/asf/sam0/drivers/sercom/i2c/i2c_samd20/i2c_master.o
                              0x5a294 (size before relaxing)
 .debug_str     0x0005f6ea      0x1ce src/asf/sam0/drivers/sercom/i2c/i2c_samd20/i2c_master_interrupt.o
                              0x5938c (size before relaxing)
 .debug_str     0x0005f8b8      0x210 src/asf/sam0/drivers/sercom/usart/usart.o
                              0x59f1c (size before relaxing)
 .debug_str     0x0005fac8      0x102 src/asf/sam0/drivers/sercom/usart/usart_interrupt.o
                              0x593d3 (size before relaxing)
 .debug_str     0x0005fbca      0x236 src/asf/sam0/drivers/sercom/sercom.o
                              0x5953b (size before relaxing)
 .debug_str     0x0005fe00      0x158 src/asf/sam0/drivers/sercom/sercom_interrupt.o
                              0x5936e (size before relaxing)
 .debug_str     0x0005ff58       0x42 src/asf/common2/services/delay/sam0/cycle_counter.o
                              0x58298 (size before relaxing)
 .debug_str     0x0005ff9a       0x66 src/asf/common/utils/interrupt/interrupt_sam_nvic.o
                              0x5803e (size before relaxing)
 .debug_str     0x00060000      0x301 src/asf/sam0/boards/samd20_xplained_pro/board_init.o
                              0x5b147 (size before relaxing)
 .debug_str     0x00060301       0x5e src/asf/sam0/drivers/port/port.o
                              0x58444 (size before relaxing)
 .debug_str     0x0006035f     0x26de src/asf/sam0/drivers/system/clock/clock_samd20/clock.o
                              0x5b248 (size before relaxing)
 .debug_str     0x00062a3d      0x1d8 src/asf/sam0/drivers/system/clock/clock_samd20/gclk.o
                              0x58c71 (size before relaxing)
 .debug_str     0x00062c15       0xf4 src/asf/sam0/drivers/system/pinmux/pinmux.o
                              0x58435 (size before relaxing)
 .debug_str     0x00062d09       0x47 src/asf/sam0/drivers/system/system.o
                              0x580a8 (size before relaxing)
 .debug_str     0x00062d50      0x391 src/asf/sam0/utils/cmsis/samd20/source/gcc/startup_samd20.o
                              0x42efd (size before relaxing)
 .debug_str     0x000630e1      0x69e src/asf/sam0/utils/syscalls/gcc/syscalls.o
                               0x73c7 (size before relaxing)
 .debug_str     0x0006377f      0x111 src/main.o
                              0x5d7f8 (size before relaxing)

.debug_frame    0x00000000     0x181c
 .debug_frame   0x00000000       0xe4 sail_buffer.o
 .debug_frame   0x000000e4       0x48 sail_debug.o
 .debug_frame   0x0000012c      0x11c sail_eeprom.o
 .debug_frame   0x00000248       0x68 sail_i2c.o
 .debug_frame   0x000002b0      0x194 sail_uart.o
 .debug_frame   0x00000444      0x1d0 src/asf/sam0/drivers/sercom/i2c/i2c_samd20/i2c_master.o
 .debug_frame   0x00000614      0x134 src/asf/sam0/drivers/sercom/i2c/i2c_samd20/i2c_master_interrupt.o
 .debug_frame   0x00000748       0xac src/asf/sam0/drivers/sercom/usart/usart.o
 .debug_frame   0x000007f4      0x110 src/asf/sam0/drivers/sercom/usart/usart_interrupt.o
 .debug_frame   0x00000904       0x9c src/asf/sam0/drivers/sercom/sercom.o
 .debug_frame   0x000009a0       0xe8 src/asf/sam0/drivers/sercom/sercom_interrupt.o
 .debug_frame   0x00000a88       0x30 src/asf/common2/services/delay/sam0/cycle_counter.o
 .debug_frame   0x00000ab8       0x30 src/asf/common/utils/interrupt/interrupt_sam_nvic.o
 .debug_frame   0x00000ae8       0x30 src/asf/sam0/boards/samd20_xplained_pro/board_init.o
 .debug_frame   0x00000b18       0x44 src/asf/sam0/drivers/port/port.o
 .debug_frame   0x00000b5c      0x12c src/asf/sam0/drivers/system/clock/clock_samd20/clock.o
 .debug_frame   0x00000c88      0x148 src/asf/sam0/drivers/system/clock/clock_samd20/gclk.o
 .debug_frame   0x00000dd0       0x74 src/asf/sam0/drivers/system/pinmux/pinmux.o
 .debug_frame   0x00000e44       0x38 src/asf/sam0/drivers/system/system.o
 .debug_frame   0x00000e7c       0x38 src/asf/sam0/utils/cmsis/samd20/source/gcc/startup_samd20.o
 .debug_frame   0x00000eb4       0xa8 src/asf/sam0/utils/syscalls/gcc/syscalls.o
 .debug_frame   0x00000f5c       0x3c src/main.o
 .debug_frame   0x00000f98       0x38 c:/program files (x86)/atmel/studio/7.0/toolchain/arm/arm-gnu-toolchain/bin/../lib/gcc/arm-none-eabi/6.3.1/../../../../arm-none-eabi/lib/thumb/v6-m\libm.a(lib_a-w_fmod.o)
 .debug_frame   0x00000fd0       0x3c c:/program files (x86)/atmel/studio/7.0/toolchain/arm/arm-gnu-toolchain/bin/../lib/gcc/arm-none-eabi/6.3.1/../../../../arm-none-eabi/lib/thumb/v6-m\libm.a(lib_a-e_fmod.o)
 .debug_frame   0x0000100c       0x20 c:/program files (x86)/atmel/studio/7.0/toolchain/arm/arm-gnu-toolchain/bin/../lib/gcc/arm-none-eabi/6.3.1/../../../../arm-none-eabi/lib/thumb/v6-m\libm.a(lib_a-s_matherr.o)
 .debug_frame   0x0000102c       0x20 c:/program files (x86)/atmel/studio/7.0/toolchain/arm/arm-gnu-toolchain/bin/../lib/gcc/arm-none-eabi/6.3.1/thumb/v6-m\libgcc.a(_udivsi3.o)
 .debug_frame   0x0000104c       0x20 c:/program files (x86)/atmel/studio/7.0/toolchain/arm/arm-gnu-toolchain/bin/../lib/gcc/arm-none-eabi/6.3.1/thumb/v6-m\libgcc.a(_divsi3.o)
 .debug_frame   0x0000106c       0x34 c:/program files (x86)/atmel/studio/7.0/toolchain/arm/arm-gnu-toolchain/bin/../lib/gcc/arm-none-eabi/6.3.1/thumb/v6-m\libgcc.a(_muldi3.o)
 .debug_frame   0x000010a0       0x2c c:/program files (x86)/atmel/studio/7.0/toolchain/arm/arm-gnu-toolchain/bin/../lib/gcc/arm-none-eabi/6.3.1/thumb/v6-m\libgcc.a(_fixunsdfsi.o)
 .debug_frame   0x000010cc       0x3c c:/program files (x86)/atmel/studio/7.0/toolchain/arm/arm-gnu-toolchain/bin/../lib/gcc/arm-none-eabi/6.3.1/thumb/v6-m\libgcc.a(_udivmoddi4.o)
 .debug_frame   0x00001108       0x3c c:/program files (x86)/atmel/studio/7.0/toolchain/arm/arm-gnu-toolchain/bin/../lib/gcc/arm-none-eabi/6.3.1/thumb/v6-m\libgcc.a(adddf3.o)
 .debug_frame   0x00001144       0x3c c:/program files (x86)/atmel/studio/7.0/toolchain/arm/arm-gnu-toolchain/bin/../lib/gcc/arm-none-eabi/6.3.1/thumb/v6-m\libgcc.a(divdf3.o)
 .debug_frame   0x00001180       0x38 c:/program files (x86)/atmel/studio/7.0/toolchain/arm/arm-gnu-toolchain/bin/../lib/gcc/arm-none-eabi/6.3.1/thumb/v6-m\libgcc.a(eqdf2.o)
 .debug_frame   0x000011b8       0x38 c:/program files (x86)/atmel/studio/7.0/toolchain/arm/arm-gnu-toolchain/bin/../lib/gcc/arm-none-eabi/6.3.1/thumb/v6-m\libgcc.a(gedf2.o)
 .debug_frame   0x000011f0       0x38 c:/program files (x86)/atmel/studio/7.0/toolchain/arm/arm-gnu-toolchain/bin/../lib/gcc/arm-none-eabi/6.3.1/thumb/v6-m\libgcc.a(ledf2.o)
 .debug_frame   0x00001228       0x3c c:/program files (x86)/atmel/studio/7.0/toolchain/arm/arm-gnu-toolchain/bin/../lib/gcc/arm-none-eabi/6.3.1/thumb/v6-m\libgcc.a(muldf3.o)
 .debug_frame   0x00001264       0x38 c:/program files (x86)/atmel/studio/7.0/toolchain/arm/arm-gnu-toolchain/bin/../lib/gcc/arm-none-eabi/6.3.1/thumb/v6-m\libgcc.a(subdf3.o)
 .debug_frame   0x0000129c       0x2c c:/program files (x86)/atmel/studio/7.0/toolchain/arm/arm-gnu-toolchain/bin/../lib/gcc/arm-none-eabi/6.3.1/thumb/v6-m\libgcc.a(unorddf2.o)
 .debug_frame   0x000012c8       0x2c c:/program files (x86)/atmel/studio/7.0/toolchain/arm/arm-gnu-toolchain/bin/../lib/gcc/arm-none-eabi/6.3.1/thumb/v6-m\libgcc.a(fixdfsi.o)
 .debug_frame   0x000012f4       0x2c c:/program files (x86)/atmel/studio/7.0/toolchain/arm/arm-gnu-toolchain/bin/../lib/gcc/arm-none-eabi/6.3.1/thumb/v6-m\libgcc.a(floatsidf.o)
 .debug_frame   0x00001320       0x20 c:/program files (x86)/atmel/studio/7.0/toolchain/arm/arm-gnu-toolchain/bin/../lib/gcc/arm-none-eabi/6.3.1/../../../../arm-none-eabi/lib/thumb/v6-m\libc_nano.a(lib_a-errno.o)
 .debug_frame   0x00001340       0x2c c:/program files (x86)/atmel/studio/7.0/toolchain/arm/arm-gnu-toolchain/bin/../lib/gcc/arm-none-eabi/6.3.1/../../../../arm-none-eabi/lib/thumb/v6-m\libc_nano.a(lib_a-init.o)
 .debug_frame   0x0000136c       0x28 c:/program files (x86)/atmel/studio/7.0/toolchain/arm/arm-gnu-toolchain/bin/../lib/gcc/arm-none-eabi/6.3.1/../../../../arm-none-eabi/lib/thumb/v6-m\libc_nano.a(lib_a-memcpy-stub.o)
 .debug_frame   0x00001394       0x20 c:/program files (x86)/atmel/studio/7.0/toolchain/arm/arm-gnu-toolchain/bin/../lib/gcc/arm-none-eabi/6.3.1/../../../../arm-none-eabi/lib/thumb/v6-m\libc_nano.a(lib_a-memset.o)
 .debug_frame   0x000013b4       0x44 c:/program files (x86)/atmel/studio/7.0/toolchain/arm/arm-gnu-toolchain/bin/../lib/gcc/arm-none-eabi/6.3.1/../../../../arm-none-eabi/lib/thumb/v6-m\libc_nano.a(lib_a-rand.o)
 .debug_frame   0x000013f8       0x48 c:/program files (x86)/atmel/studio/7.0/toolchain/arm/arm-gnu-toolchain/bin/../lib/gcc/arm-none-eabi/6.3.1/../../../../arm-none-eabi/lib/thumb/v6-m\libc_nano.a(lib_a-vsnprintf.o)
 .debug_frame   0x00001440      0x140 c:/program files (x86)/atmel/studio/7.0/toolchain/arm/arm-gnu-toolchain/bin/../lib/gcc/arm-none-eabi/6.3.1/../../../../arm-none-eabi/lib/thumb/v6-m\libc_nano.a(lib_a-findfp.o)
 .debug_frame   0x00001580       0x40 c:/program files (x86)/atmel/studio/7.0/toolchain/arm/arm-gnu-toolchain/bin/../lib/gcc/arm-none-eabi/6.3.1/../../../../arm-none-eabi/lib/thumb/v6-m\libc_nano.a(lib_a-malloc.o)
 .debug_frame   0x000015c0       0x2c c:/program files (x86)/atmel/studio/7.0/toolchain/arm/arm-gnu-toolchain/bin/../lib/gcc/arm-none-eabi/6.3.1/../../../../arm-none-eabi/lib/thumb/v6-m\libc_nano.a(lib_a-nano-freer.o)
 .debug_frame   0x000015ec       0x2c c:/program files (x86)/atmel/studio/7.0/toolchain/arm/arm-gnu-toolchain/bin/../lib/gcc/arm-none-eabi/6.3.1/../../../../arm-none-eabi/lib/thumb/v6-m\libc_nano.a(lib_a-nano-mallocr.o)
 .debug_frame   0x00001618       0x74 c:/program files (x86)/atmel/studio/7.0/toolchain/arm/arm-gnu-toolchain/bin/../lib/gcc/arm-none-eabi/6.3.1/../../../../arm-none-eabi/lib/thumb/v6-m\libc_nano.a(lib_a-nano-svfprintf.o)
 .debug_frame   0x0000168c       0x54 c:/program files (x86)/atmel/studio/7.0/toolchain/arm/arm-gnu-toolchain/bin/../lib/gcc/arm-none-eabi/6.3.1/../../../../arm-none-eabi/lib/thumb/v6-m\libc_nano.a(lib_a-nano-vfprintf_i.o)
 .debug_frame   0x000016e0       0x2c c:/program files (x86)/atmel/studio/7.0/toolchain/arm/arm-gnu-toolchain/bin/../lib/gcc/arm-none-eabi/6.3.1/../../../../arm-none-eabi/lib/thumb/v6-m\libc_nano.a(lib_a-sbrkr.o)
 .debug_frame   0x0000170c       0x20 c:/program files (x86)/atmel/studio/7.0/toolchain/arm/arm-gnu-toolchain/bin/../lib/gcc/arm-none-eabi/6.3.1/../../../../arm-none-eabi/lib/thumb/v6-m\libc_nano.a(lib_a-memchr-stub.o)
 .debug_frame   0x0000172c       0x28 c:/program files (x86)/atmel/studio/7.0/toolchain/arm/arm-gnu-toolchain/bin/../lib/gcc/arm-none-eabi/6.3.1/../../../../arm-none-eabi/lib/thumb/v6-m\libc_nano.a(lib_a-memmove.o)
 .debug_frame   0x00001754       0x30 c:/program files (x86)/atmel/studio/7.0/toolchain/arm/arm-gnu-toolchain/bin/../lib/gcc/arm-none-eabi/6.3.1/../../../../arm-none-eabi/lib/thumb/v6-m\libc_nano.a(lib_a-mlock.o)
 .debug_frame   0x00001784       0x30 c:/program files (x86)/atmel/studio/7.0/toolchain/arm/arm-gnu-toolchain/bin/../lib/gcc/arm-none-eabi/6.3.1/../../../../arm-none-eabi/lib/thumb/v6-m\libc_nano.a(lib_a-nano-reallocr.o)
 .debug_frame   0x000017b4       0x48 c:/program files (x86)/atmel/studio/7.0/toolchain/arm/arm-gnu-toolchain/bin/../lib/gcc/arm-none-eabi/6.3.1/../../../../arm-none-eabi/lib/thumb/v6-m\libc_nano.a(lib_a-reent.o)
 .debug_frame   0x000017fc       0x20 c:/program files (x86)/atmel/studio/7.0/toolchain/arm/arm-gnu-toolchain/bin/../lib/gcc/arm-none-eabi/6.3.1/../../../../arm-none-eabi/lib/thumb/v6-m\libc_nano.a(lib_a-nano-msizer.o)

Cross Reference Table

Symbol                                            File
AC_Handler                                        src/asf/sam0/utils/cmsis/samd20/source/gcc/startup_samd20.o
ADC_Handler                                       src/asf/sam0/utils/cmsis/samd20/source/gcc/startup_samd20.o
BUFF_GetLength                                    sail_buffer.o
                                                  sail_uart.o
BUFF_Init                                         sail_buffer.o
                                                  sail_uart.o
BUFF_ReadBuffer                                   sail_buffer.o
BUFF_ReadByte                                     sail_buffer.o
                                                  sail_uart.o
BUFF_ReadString                                   sail_buffer.o
                                                  sail_uart.o
BUFF_WriteBuffer                                  sail_buffer.o
                                                  sail_uart.o
BUFF_WriteByte                                    sail_buffer.o
                                                  sail_uart.o
DAC_Handler                                       src/asf/sam0/utils/cmsis/samd20/source/gcc/startup_samd20.o
DEBUG_Init                                        sail_debug.o
                                                  src/main.o
DEBUG_Write                                       sail_debug.o
                                                  src/main.o
Dummy_Handler                                     src/asf/sam0/utils/cmsis/samd20/source/gcc/startup_samd20.o
EEPROM_CompleteCurrentWayPoint                    sail_eeprom.o
                                                  src/main.o
EEPROM_EndMissionConfig                           sail_eeprom.o
                                                  src/main.o
EEPROM_GetCurrentWayPoint                         sail_eeprom.o
                                                  src/main.o
EEPROM_GetWayPointCount                           sail_eeprom.o
EEPROM_Init                                       sail_eeprom.o
                                                  src/main.o
EEPROM_LoadWayPoint                               sail_eeprom.o
                                                  src/main.o
EEPROM_StartMissionConfig                         sail_eeprom.o
                                                  src/main.o
EIC_Handler                                       src/asf/sam0/utils/cmsis/samd20/source/gcc/startup_samd20.o
EVSYS_Handler                                     src/asf/sam0/utils/cmsis/samd20/source/gcc/startup_samd20.o